Archive member included because of file (symbol)

/Users/Kevin/Documents/adamgreen-gcc4mbed-1f1ebc4/external/mbed/Release/Freescale_KL25Z/mbed.a(gpio_irq_api.o)
                              KL25Z/cc3000_spi.o (gpio_irq_set)
/Users/Kevin/Documents/adamgreen-gcc4mbed-1f1ebc4/external/mbed/Release/Freescale_KL25Z/mbed.a(cmsis_nvic.o)
                              /Users/Kevin/Documents/adamgreen-gcc4mbed-1f1ebc4/external/mbed/Release/Freescale_KL25Z/mbed.a(gpio_irq_api.o) (NVIC_SetVector)
/Users/Kevin/Documents/adamgreen-gcc4mbed-1f1ebc4/external/mbed/Release/Freescale_KL25Z/mbed.a(error.o)
                              KL25Z/Socket/Endpoint.o (error)
/Users/Kevin/Documents/adamgreen-gcc4mbed-1f1ebc4/external/mbed/Release/Freescale_KL25Z/mbed.a(exit.o)
                              KL25Z/gcc4mbed.o (exit)
/Users/Kevin/Documents/adamgreen-gcc4mbed-1f1ebc4/external/mbed/Release/Freescale_KL25Z/mbed.a(gpio.o)
                              KL25Z/cc3000_spi.o (gpio_init_out)
/Users/Kevin/Documents/adamgreen-gcc4mbed-1f1ebc4/external/mbed/Release/Freescale_KL25Z/mbed.a(mbed_interface.o)
                              /Users/Kevin/Documents/adamgreen-gcc4mbed-1f1ebc4/external/mbed/Release/Freescale_KL25Z/mbed.a(exit.o) (mbed_interface_connected)
/Users/Kevin/Documents/adamgreen-gcc4mbed-1f1ebc4/external/mbed/Release/Freescale_KL25Z/mbed.a(semihost_api.o)
                              /Users/Kevin/Documents/adamgreen-gcc4mbed-1f1ebc4/external/mbed/Release/Freescale_KL25Z/mbed.a(exit.o) (semihost_exit)
/Users/Kevin/Documents/adamgreen-gcc4mbed-1f1ebc4/external/mbed/Release/Freescale_KL25Z/mbed.a(wait_api.o)
                              KL25Z/cc3000.o (wait_us)
/Users/Kevin/Documents/adamgreen-gcc4mbed-1f1ebc4/external/mbed/Release/Freescale_KL25Z/mbed.a(InterruptIn.o)
                              KL25Z/cc3000_spi.o (mbed::InterruptIn::~InterruptIn())
/Users/Kevin/Documents/adamgreen-gcc4mbed-1f1ebc4/external/mbed/Release/Freescale_KL25Z/mbed.a(SPI.o)
                              KL25Z/cc3000_spi.o (mbed::SPI::format(int, int))
/Users/Kevin/Documents/adamgreen-gcc4mbed-1f1ebc4/external/mbed/Release/Freescale_KL25Z/mbed.a(Timer.o)
                              KL25Z/cc3000.o (mbed::Timer::Timer())
/Users/Kevin/Documents/adamgreen-gcc4mbed-1f1ebc4/external/mbed/Release/Freescale_KL25Z/mbed.a(retarget.o)
                              KL25Z/gcc4mbed.o (_isatty)
/Users/Kevin/Documents/adamgreen-gcc4mbed-1f1ebc4/external/mbed/Release/Freescale_KL25Z/mbed.a(startup_MKL25Z4.o)
                              (Reset_Handler)
/Users/Kevin/Documents/adamgreen-gcc4mbed-1f1ebc4/external/mbed/Release/Freescale_KL25Z/mbed.a(gpio_api.o)
                              /Users/Kevin/Documents/adamgreen-gcc4mbed-1f1ebc4/external/mbed/Release/Freescale_KL25Z/mbed.a(gpio.o) (gpio_init)
/Users/Kevin/Documents/adamgreen-gcc4mbed-1f1ebc4/external/mbed/Release/Freescale_KL25Z/mbed.a(pinmap.o)
                              /Users/Kevin/Documents/adamgreen-gcc4mbed-1f1ebc4/external/mbed/Release/Freescale_KL25Z/mbed.a(gpio_api.o) (pin_function)
/Users/Kevin/Documents/adamgreen-gcc4mbed-1f1ebc4/external/mbed/Release/Freescale_KL25Z/mbed.a(serial_api.o)
                              /Users/Kevin/Documents/adamgreen-gcc4mbed-1f1ebc4/external/mbed/Release/Freescale_KL25Z/mbed.a(retarget.o) (serial_init)
/Users/Kevin/Documents/adamgreen-gcc4mbed-1f1ebc4/external/mbed/Release/Freescale_KL25Z/mbed.a(us_ticker.o)
                              /Users/Kevin/Documents/adamgreen-gcc4mbed-1f1ebc4/external/mbed/Release/Freescale_KL25Z/mbed.a(wait_api.o) (us_ticker_read)
/Users/Kevin/Documents/adamgreen-gcc4mbed-1f1ebc4/external/mbed/Release/Freescale_KL25Z/mbed.a(PeripheralPins.o)
                              /Users/Kevin/Documents/adamgreen-gcc4mbed-1f1ebc4/external/mbed/Release/Freescale_KL25Z/mbed.a(serial_api.o) (PinMap_UART_RX)
/Users/Kevin/Documents/adamgreen-gcc4mbed-1f1ebc4/external/mbed/Release/Freescale_KL25Z/mbed.a(spi_api.o)
                              /Users/Kevin/Documents/adamgreen-gcc4mbed-1f1ebc4/external/mbed/Release/Freescale_KL25Z/mbed.a(SPI.o) (spi_format)
/Users/Kevin/Documents/adamgreen-gcc4mbed-1f1ebc4/external/mbed/Release/Freescale_KL25Z/mbed.a(system_MKL25Z4.o)
                              /Users/Kevin/Documents/adamgreen-gcc4mbed-1f1ebc4/external/mbed/Release/Freescale_KL25Z/mbed.a(startup_MKL25Z4.o) (SystemInit)
/Users/Kevin/Documents/adamgreen-gcc4mbed-1f1ebc4/external/mbed/Release/Freescale_KL25Z/mbed.a(board.o)
                              /Users/Kevin/Documents/adamgreen-gcc4mbed-1f1ebc4/external/mbed/Release/Freescale_KL25Z/mbed.a(exit.o) (mbed_die)
/Users/Kevin/Documents/adamgreen-gcc4mbed-1f1ebc4/external/mbed/Release/Freescale_KL25Z/mbed.a(pinmap_common.o)
                              /Users/Kevin/Documents/adamgreen-gcc4mbed-1f1ebc4/external/mbed/Release/Freescale_KL25Z/mbed.a(serial_api.o) (pinmap_pinout)
/Users/Kevin/Documents/adamgreen-gcc4mbed-1f1ebc4/external/mbed/Release/Freescale_KL25Z/mbed.a(us_ticker_api.o)
[...]
Memory Configuration

Name             Origin             Length             Attributes
VECTORS          0x0000000000000000 0x0000000000000400 xr
FLASH_PROTECTION 0x0000000000000400 0x0000000000000010 xr
FLASH            0x0000000000000410 0x000000000001fbf0 xr
RAM              0x000000001ffff0c0 0x0000000000003f40 xrw
*default*        0x0000000000000000 0xffffffffffffffff

Linker script and memory map

LOAD /Users/Kevin/Documents/adamgreen-gcc4mbed-1f1ebc4/gcc-arm-none-eabi/bin/../lib/gcc/arm-none-eabi/4.8.3/armv6-m/crti.o
LOAD /Users/Kevin/Documents/adamgreen-gcc4mbed-1f1ebc4/gcc-arm-none-eabi/bin/../lib/gcc/arm-none-eabi/4.8.3/armv6-m/crtbegin.o
LOAD KL25Z/cc3000.o
LOAD KL25Z/cc3000_event.o
LOAD KL25Z/cc3000_hci.o
LOAD KL25Z/cc3000_netapp.o
LOAD KL25Z/cc3000_nvmem.o
LOAD KL25Z/cc3000_security.o
LOAD KL25Z/cc3000_simplelink.o
LOAD KL25Z/cc3000_socket.o
LOAD KL25Z/cc3000_spi.o
LOAD KL25Z/cc3000_wlan.o
LOAD KL25Z/Socket/Endpoint.o
LOAD KL25Z/Socket/Socket.o
LOAD KL25Z/Socket/TCPSocketConnection.o
LOAD KL25Z/Socket/TCPSocketServer.o
LOAD KL25Z/Socket/UDPSocket.o
LOAD KL25Z/gcc4mbed.o
LOAD /Users/Kevin/Documents/adamgreen-gcc4mbed-1f1ebc4/external/mbed/Release/Freescale_KL25Z/mbed.a
LOAD /Users/Kevin/Documents/adamgreen-gcc4mbed-1f1ebc4/gcc-arm-none-eabi/bin/../lib/gcc/arm-none-eabi/4.8.3/../../../../arm-none-eabi/lib/armv6-m/libstdc++_s.a
LOAD /Users/Kevin/Documents/adamgreen-gcc4mbed-1f1ebc4/gcc-arm-none-eabi/bin/../lib/gcc/arm-none-eabi/4.8.3/../../../../arm-none-eabi/lib/armv6-m/libsupc++_s.a
LOAD /Users/Kevin/Documents/adamgreen-gcc4mbed-1f1ebc4/gcc-arm-none-eabi/bin/../lib/gcc/arm-none-eabi/4.8.3/armv6-m/libgcc.a
LOAD /Users/Kevin/Documents/adamgreen-gcc4mbed-1f1ebc4/gcc-arm-none-eabi/bin/../lib/gcc/arm-none-eabi/4.8.3/armv6-m/libgcc.a
LOAD /Users/Kevin/Documents/adamgreen-gcc4mbed-1f1ebc4/gcc-arm-none-eabi/bin/../lib/gcc/arm-none-eabi/4.8.3/../../../../arm-none-eabi/lib/armv6-m/libc_s.a
LOAD /Users/Kevin/Documents/adamgreen-gcc4mbed-1f1ebc4/gcc-arm-none-eabi/bin/../lib/gcc/arm-none-eabi/4.8.3/../../../../arm-none-eabi/lib/armv6-m/libnosys.a
LOAD /Users/Kevin/Documents/adamgreen-gcc4mbed-1f1ebc4/gcc-arm-none-eabi/bin/../lib/gcc/arm-none-eabi/4.8.3/../../../../arm-none-eabi/lib/armv6-m/libstdc++_s.a
LOAD /Users/Kevin/Documents/adamgreen-gcc4mbed-1f1ebc4/gcc-arm-none-eabi/bin/../lib/gcc/arm-none-eabi/4.8.3/../../../../arm-none-eabi/lib/armv6-m/libm.a
LOAD /Users/Kevin/Documents/adamgreen-gcc4mbed-1f1ebc4/gcc-arm-none-eabi/bin/../lib/gcc/arm-none-eabi/4.8.3/../../../../arm-none-eabi/lib/armv6-m/libc_s.a
START GROUP
LOAD /Users/Kevin/Documents/adamgreen-gcc4mbed-1f1ebc4/gcc-arm-none-eabi/bin/../lib/gcc/arm-none-eabi/4.8.3/armv6-m/libgcc.a
LOAD /Users/Kevin/Documents/adamgreen-gcc4mbed-1f1ebc4/gcc-arm-none-eabi/bin/../lib/gcc/arm-none-eabi/4.8.3/../../../../arm-none-eabi/lib/armv6-m/libc_s.a
END GROUP
LOAD /Users/Kevin/Documents/adamgreen-gcc4mbed-1f1ebc4/gcc-arm-none-eabi/bin/../lib/gcc/arm-none-eabi/4.8.3/armv6-m/crtend.o
LOAD /Users/Kevin/Documents/adamgreen-gcc4mbed-1f1ebc4/gcc-arm-none-eabi/bin/../lib/gcc/arm-none-eabi/4.8.3/armv6-m/crtn.o

.isr_vector     0x0000000000000000       0xf4
                0x0000000000000000                __vector_table = .
 *(.vector_table)
 .vector_table  0x0000000000000000       0xc0 /Users/Kevin/Documents/adamgreen-gcc4mbed-1f1ebc4/external/mbed/Release/Freescale_KL25Z/mbed.a(startup_MKL25Z4.o)
                0x0000000000000000                __isr_vector
 *(.text.Reset_Handler)
 .text.Reset_Handler
                0x00000000000000c0       0x34 /Users/Kevin/Documents/adamgreen-gcc4mbed-1f1ebc4/external/mbed/Release/Freescale_KL25Z/mbed.a(startup_MKL25Z4.o)
                0x00000000000000c0                Reset_Handler
 *(.text.System_Init)
                0x00000000000000f4                . = ALIGN (0x4)

.flash_protect  0x0000000000000400       0x10
 *(.kinetis_flash_config_field)
 .kinetis_flash_config_field
                0x0000000000000400       0x10 /Users/Kevin/Documents/adamgreen-gcc4mbed-1f1ebc4/external/mbed/Release/Freescale_KL25Z/mbed.a(startup_MKL25Z4.o)
                0x0000000000000410                . = ALIGN (0x4)

.text           0x0000000000000410     0x1e2c
 *(.text*)
 .text          0x0000000000000410       0x60 /Users/Kevin/Documents/adamgreen-gcc4mbed-1f1ebc4/gcc-arm-none-eabi/bin/../lib/gcc/arm-none-eabi/4.8.3/armv6-m/crtbegin.o
 .text._start   0x0000000000000470       0x28 KL25Z/gcc4mbed.o
                0x0000000000000470                _start
 .text.__wrap__isatty
                0x0000000000000498       0x14 KL25Z/gcc4mbed.o
                0x0000000000000498                __wrap__isatty
 .text.NVIC_SetVector
                0x00000000000004ac       0x34 /Users/Kevin/Documents/adamgreen-gcc4mbed-1f1ebc4/external/mbed/Release/Freescale_KL25Z/mbed.a(cmsis_nvic.o)
                0x00000000000004ac                NVIC_SetVector
 .text.error    0x00000000000004e0       0x24 /Users/Kevin/Documents/adamgreen-gcc4mbed-1f1ebc4/external/mbed/Release/Freescale_KL25Z/mbed.a(error.o)
                0x00000000000004e0                error
 .text.exit     0x0000000000000504       0x34 /Users/Kevin/Documents/adamgreen-gcc4mbed-1f1ebc4/external/mbed/Release/Freescale_KL25Z/mbed.a(exit.o)
                0x0000000000000504                exit
 .text.gpio_init_out
                0x0000000000000538       0x28 /Users/Kevin/Documents/adamgreen-gcc4mbed-1f1ebc4/external/mbed/Release/Freescale_KL25Z/mbed.a(gpio.o)
                0x0000000000000538                gpio_init_out
 .text.mbed_interface_connected
                0x0000000000000560        0x8 /Users/Kevin/Documents/adamgreen-gcc4mbed-1f1ebc4/external/mbed/Release/Freescale_KL25Z/mbed.a(mbed_interface.o)
                0x0000000000000560                mbed_interface_connected
 .text.semihost_exit
                0x0000000000000568       0x18 /Users/Kevin/Documents/adamgreen-gcc4mbed-1f1ebc4/external/mbed/Release/Freescale_KL25Z/mbed.a(semihost_api.o)
                0x0000000000000568                semihost_exit
 .text.semihost_connected
                0x0000000000000580        0xc /Users/Kevin/Documents/adamgreen-gcc4mbed-1f1ebc4/external/mbed/Release/Freescale_KL25Z/mbed.a(semihost_api.o)
                0x0000000000000580                semihost_connected
 .text.wait_us  0x000000000000058c       0x18 /Users/Kevin/Documents/adamgreen-gcc4mbed-1f1ebc4/external/mbed/Release/Freescale_KL25Z/mbed.a(wait_api.o)
                0x000000000000058c                wait_us
 .text.wait_ms  0x00000000000005a4       0x10 /Users/Kevin/Documents/adamgreen-gcc4mbed-1f1ebc4/external/mbed/Release/Freescale_KL25Z/mbed.a(wait_api.o)
                0x00000000000005a4                wait_ms
 .text._ZL11init_serialv.part.0
                0x00000000000005b4       0x14 /Users/Kevin/Documents/adamgreen-gcc4mbed-1f1ebc4/external/mbed/Release/Freescale_KL25Z/mbed.a(retarget.o)
 .text._close   0x00000000000005c8       0x2c /Users/Kevin/Documents/adamgreen-gcc4mbed-1f1ebc4/external/mbed/Release/Freescale_KL25Z/mbed.a(retarget.o)
                0x00000000000005c8                _close
 .text._write   0x00000000000005f4       0x58 /Users/Kevin/Documents/adamgreen-gcc4mbed-1f1ebc4/external/mbed/Release/Freescale_KL25Z/mbed.a(retarget.o)
                0x00000000000005f4                _write
 .text._read    0x000000000000064c       0x48 /Users/Kevin/Documents/adamgreen-gcc4mbed-1f1ebc4/external/mbed/Release/Freescale_KL25Z/mbed.a(retarget.o)
                0x000000000000064c                _read
 .text._isatty  0x0000000000000694       0x28 /Users/Kevin/Documents/adamgreen-gcc4mbed-1f1ebc4/external/mbed/Release/Freescale_KL25Z/mbed.a(retarget.o)
                0x0000000000000694                _isatty
 .text._lseek   0x00000000000006bc       0x28 /Users/Kevin/Documents/adamgreen-gcc4mbed-1f1ebc4/external/mbed/Release/Freescale_KL25Z/mbed.a(retarget.o)
                0x00000000000006bc                _lseek
 .text._fstat   0x00000000000006e4       0x20 /Users/Kevin/Documents/adamgreen-gcc4mbed-1f1ebc4/external/mbed/Release/Freescale_KL25Z/mbed.a(retarget.o)
                0x00000000000006e4                _fstat
 .text._sbrk    0x0000000000000704       0x28 /Users/Kevin/Documents/adamgreen-gcc4mbed-1f1ebc4/external/mbed/Release/Freescale_KL25Z/mbed.a(retarget.o)
                0x0000000000000704                _sbrk
 .text          0x000000000000072c        0xc /Users/Kevin/Documents/adamgreen-gcc4mbed-1f1ebc4/external/mbed/Release/Freescale_KL25Z/mbed.a(startup_MKL25Z4.o)
                0x000000000000072c                NMI_Handler
                0x000000000000072e                HardFault_Handler
                0x0000000000000730                SVC_Handler
                0x0000000000000732                PendSV_Handler
                0x0000000000000734                SysTick_Handler
                0x0000000000000736                TSI0_IRQHandler
                0x0000000000000736                UART0_IRQHandler
                0x0000000000000736                ADC0_IRQHandler
                0x0000000000000736                SPI1_IRQHandler
                0x0000000000000736                PORTD_IRQHandler
                0x0000000000000736                TPM2_IRQHandler
                0x0000000000000736                LPTimer_IRQHandler
                0x0000000000000736                RTC_IRQHandler
                0x0000000000000736                RTC_Seconds_IRQHandler
                0x0000000000000736                MCG_IRQHandler
                0x0000000000000736                UART2_IRQHandler
                0x0000000000000736                Default_Handler
                0x0000000000000736                USB0_IRQHandler
                0x0000000000000736                LLW_IRQHandler
                0x0000000000000736                PIT_IRQHandler
                0x0000000000000736                DMA3_IRQHandler
                0x0000000000000736                DMA0_IRQHandler
                0x0000000000000736                DAC0_IRQHandler
                0x0000000000000736                DEF_IRQHandler
                0x0000000000000736                TPM1_IRQHandler
                0x0000000000000736                LVD_LVW_IRQHandler
                0x0000000000000736                SPI0_IRQHandler
                0x0000000000000736                PORTA_IRQHandler
                0x0000000000000736                FTFA_IRQHandler
                0x0000000000000736                CMP0_IRQHandler
                0x0000000000000736                I2C0_IRQHandler
                0x0000000000000736                DMA1_IRQHandler
                0x0000000000000736                I2C1_IRQHandler
                0x0000000000000736                UART1_IRQHandler
                0x0000000000000736                DMA2_IRQHandler
                0x0000000000000736                TPM0_IRQHandler
 .text.gpio_init
                0x0000000000000738       0x3c /Users/Kevin/Documents/adamgreen-gcc4mbed-1f1ebc4/external/mbed/Release/Freescale_KL25Z/mbed.a(gpio_api.o)
                0x0000000000000738                gpio_init
 .text.gpio_mode
                0x0000000000000774        0xc /Users/Kevin/Documents/adamgreen-gcc4mbed-1f1ebc4/external/mbed/Release/Freescale_KL25Z/mbed.a(gpio_api.o)
                0x0000000000000774                gpio_mode
 .text.gpio_dir
                0x0000000000000780       0x20 /Users/Kevin/Documents/adamgreen-gcc4mbed-1f1ebc4/external/mbed/Release/Freescale_KL25Z/mbed.a(gpio_api.o)
                0x0000000000000780                gpio_dir
 .text.pin_function
                0x00000000000007a0       0x44 /Users/Kevin/Documents/adamgreen-gcc4mbed-1f1ebc4/external/mbed/Release/Freescale_KL25Z/mbed.a(pinmap.o)
                0x00000000000007a0                pin_function
 .text.pin_mode
                0x00000000000007e4       0x14 /Users/Kevin/Documents/adamgreen-gcc4mbed-1f1ebc4/external/mbed/Release/Freescale_KL25Z/mbed.a(pinmap.o)
                0x00000000000007e4                pin_mode
 .text.mcgpllfll_frequency.part.0
                0x00000000000007f8       0x50 /Users/Kevin/Documents/adamgreen-gcc4mbed-1f1ebc4/external/mbed/Release/Freescale_KL25Z/mbed.a(serial_api.o)
 .text.serial_baud
                0x0000000000000848      0x16c /Users/Kevin/Documents/adamgreen-gcc4mbed-1f1ebc4/external/mbed/Release/Freescale_KL25Z/mbed.a(serial_api.o)
                0x0000000000000848                serial_baud
 .text.serial_format
                0x00000000000009b4       0x50 /Users/Kevin/Documents/adamgreen-gcc4mbed-1f1ebc4/external/mbed/Release/Freescale_KL25Z/mbed.a(serial_api.o)
                0x00000000000009b4                serial_format
 .text.serial_init
                0x0000000000000a04      0x1dc /Users/Kevin/Documents/adamgreen-gcc4mbed-1f1ebc4/external/mbed/Release/Freescale_KL25Z/mbed.a(serial_api.o)
                0x0000000000000a04                serial_init
 .text.serial_getc
                0x0000000000000be0       0x28 /Users/Kevin/Documents/adamgreen-gcc4mbed-1f1ebc4/external/mbed/Release/Freescale_KL25Z/mbed.a(serial_api.o)
                0x0000000000000be0                serial_getc
 .text.serial_putc
                0x0000000000000c08       0x28 /Users/Kevin/Documents/adamgreen-gcc4mbed-1f1ebc4/external/mbed/Release/Freescale_KL25Z/mbed.a(serial_api.o)
                0x0000000000000c08                serial_putc
 .text.lptmr_isr
                0x0000000000000c30       0x68 /Users/Kevin/Documents/adamgreen-gcc4mbed-1f1ebc4/external/mbed/Release/Freescale_KL25Z/mbed.a(us_ticker.o)
 .text.us_ticker_init
                0x0000000000000c98      0x224 /Users/Kevin/Documents/adamgreen-gcc4mbed-1f1ebc4/external/mbed/Release/Freescale_KL25Z/mbed.a(us_ticker.o)
                0x0000000000000c98                us_ticker_init
 .text.us_ticker_read
                0x0000000000000ebc       0x24 /Users/Kevin/Documents/adamgreen-gcc4mbed-1f1ebc4/external/mbed/Release/Freescale_KL25Z/mbed.a(us_ticker.o)
                0x0000000000000ebc                us_ticker_read
 .text.us_ticker_disable_interrupt
                0x0000000000000ee0       0x10 /Users/Kevin/Documents/adamgreen-gcc4mbed-1f1ebc4/external/mbed/Release/Freescale_KL25Z/mbed.a(us_ticker.o)
                0x0000000000000ee0                us_ticker_disable_interrupt
 .text.us_ticker_clear_interrupt
                0x0000000000000ef0        0x4 /Users/Kevin/Documents/adamgreen-gcc4mbed-1f1ebc4/external/mbed/Release/Freescale_KL25Z/mbed.a(us_ticker.o)
                0x0000000000000ef0                us_ticker_clear_interrupt
 .text.us_ticker_set_interrupt
                0x0000000000000ef4       0x88 /Users/Kevin/Documents/adamgreen-gcc4mbed-1f1ebc4/external/mbed/Release/Freescale_KL25Z/mbed.a(us_ticker.o)
                0x0000000000000ef4                us_ticker_set_interrupt
 .text.SystemInit
                0x0000000000000f7c       0xac /Users/Kevin/Documents/adamgreen-gcc4mbed-1f1ebc4/external/mbed/Release/Freescale_KL25Z/mbed.a(system_MKL25Z4.o)
                0x0000000000000f7c                SystemInit
 .text.mbed_die
                0x0000000000001028       0x2c /Users/Kevin/Documents/adamgreen-gcc4mbed-1f1ebc4/external/mbed/Release/Freescale_KL25Z/mbed.a(board.o)
                0x0000000000001028                mbed_die
 .text.pinmap_pinout
                0x0000000000001054       0x38 /Users/Kevin/Documents/adamgreen-gcc4mbed-1f1ebc4/external/mbed/Release/Freescale_KL25Z/mbed.a(pinmap_common.o)
                0x0000000000001054                pinmap_pinout
 .text.pinmap_merge
                0x000000000000108c       0x24 /Users/Kevin/Documents/adamgreen-gcc4mbed-1f1ebc4/external/mbed/Release/Freescale_KL25Z/mbed.a(pinmap_common.o)
                0x000000000000108c                pinmap_merge
 .text.pinmap_peripheral
                0x00000000000010b0       0x30 /Users/Kevin/Documents/adamgreen-gcc4mbed-1f1ebc4/external/mbed/Release/Freescale_KL25Z/mbed.a(pinmap_common.o)
                0x00000000000010b0                pinmap_peripheral
 .text.us_ticker_irq_handler
                0x00000000000010e0       0x48 /Users/Kevin/Documents/adamgreen-gcc4mbed-1f1ebc4/external/mbed/Release/Freescale_KL25Z/mbed.a(us_ticker_api.o)
                0x00000000000010e0                us_ticker_irq_handler
 .text          0x0000000000001128       0x9c /Users/Kevin/Documents/adamgreen-gcc4mbed-1f1ebc4/gcc-arm-none-eabi/bin/../lib/gcc/arm-none-eabi/4.8.3/armv6-m/libgcc.a(_udivsi3.o)
                0x0000000000001128                __udivsi3
                0x0000000000001128                __aeabi_uidiv
                0x00000000000011b0                __aeabi_uidivmod
 .text          0x00000000000011c4        0x4 /Users/Kevin/Documents/adamgreen-gcc4mbed-1f1ebc4/gcc-arm-none-eabi/bin/../lib/gcc/arm-none-eabi/4.8.3/armv6-m/libgcc.a(_dvmd_tls.o)
                0x00000000000011c4                __aeabi_ldiv0
                0x00000000000011c4                __aeabi_idiv0
 .text.__errno  0x00000000000011c8        0xc /Users/Kevin/Documents/adamgreen-gcc4mbed-1f1ebc4/gcc-arm-none-eabi/bin/../lib/gcc/arm-none-eabi/4.8.3/../../../../arm-none-eabi/lib/armv6-m/libc_s.a(lib_a-errno.o)
                0x00000000000011c8                __errno
 .text.__sflush_r
                0x00000000000011d4      0x112 /Users/Kevin/Documents/adamgreen-gcc4mbed-1f1ebc4/gcc-arm-none-eabi/bin/../lib/gcc/arm-none-eabi/4.8.3/../../../../arm-none-eabi/lib/armv6-m/libc_s.a(lib_a-fflush.o)
                0x00000000000011d4                __sflush_r
 *fill*         0x00000000000012e6        0x2 
 .text._fflush_r
                0x00000000000012e8       0x58 /Users/Kevin/Documents/adamgreen-gcc4mbed-1f1ebc4/gcc-arm-none-eabi/bin/../lib/gcc/arm-none-eabi/4.8.3/../../../../arm-none-eabi/lib/armv6-m/libc_s.a(lib_a-fflush.o)
                0x00000000000012e8                _fflush_r
 .text.fflush   0x0000000000001340       0x28 /Users/Kevin/Documents/adamgreen-gcc4mbed-1f1ebc4/gcc-arm-none-eabi/bin/../lib/gcc/arm-none-eabi/4.8.3/../../../../arm-none-eabi/lib/armv6-m/libc_s.a(lib_a-fflush.o)
                0x0000000000001340                fflush
 .text._cleanup_r
                0x0000000000001368       0x34 /Users/Kevin/Documents/adamgreen-gcc4mbed-1f1ebc4/gcc-arm-none-eabi/bin/../lib/gcc/arm-none-eabi/4.8.3/../../../../arm-none-eabi/lib/armv6-m/libc_s.a(lib_a-findfp.o)
                0x0000000000001368                _cleanup_r
 .text.std.isra.0
                0x000000000000139c       0x48 /Users/Kevin/Documents/adamgreen-gcc4mbed-1f1ebc4/gcc-arm-none-eabi/bin/../lib/gcc/arm-none-eabi/4.8.3/../../../../arm-none-eabi/lib/armv6-m/libc_s.a(lib_a-findfp.o)
 .text.__sfmoreglue
                0x00000000000013e4       0x2c /Users/Kevin/Documents/adamgreen-gcc4mbed-1f1ebc4/gcc-arm-none-eabi/bin/../lib/gcc/arm-none-eabi/4.8.3/../../../../arm-none-eabi/lib/armv6-m/libc_s.a(lib_a-findfp.o)
                0x00000000000013e4                __sfmoreglue
 .text.__sinit  0x0000000000001410       0x64 /Users/Kevin/Documents/adamgreen-gcc4mbed-1f1ebc4/gcc-arm-none-eabi/bin/../lib/gcc/arm-none-eabi/4.8.3/../../../../arm-none-eabi/lib/armv6-m/libc_s.a(lib_a-findfp.o)
                0x0000000000001410                __sinit
 .text.__sfp    0x0000000000001474       0x7c /Users/Kevin/Documents/adamgreen-gcc4mbed-1f1ebc4/gcc-arm-none-eabi/bin/../lib/gcc/arm-none-eabi/4.8.3/../../../../arm-none-eabi/lib/armv6-m/libc_s.a(lib_a-findfp.o)
                0x0000000000001474                __sfp
 .text._fwalk_reent
                0x00000000000014f0       0x42 /Users/Kevin/Documents/adamgreen-gcc4mbed-1f1ebc4/gcc-arm-none-eabi/bin/../lib/gcc/arm-none-eabi/4.8.3/../../../../arm-none-eabi/lib/armv6-m/libc_s.a(lib_a-fwalk.o)
                0x00000000000014f0                _fwalk_reent
 *fill*         0x0000000000001532        0x2 
 .text.__libc_init_array
                0x0000000000001534       0x4c /Users/Kevin/Documents/adamgreen-gcc4mbed-1f1ebc4/gcc-arm-none-eabi/bin/../lib/gcc/arm-none-eabi/4.8.3/../../../../arm-none-eabi/lib/armv6-m/libc_s.a(lib_a-init.o)
                0x0000000000001534                __libc_init_array
 .text.memcpy   0x0000000000001580       0x12 /Users/Kevin/Documents/adamgreen-gcc4mbed-1f1ebc4/gcc-arm-none-eabi/bin/../lib/gcc/arm-none-eabi/4.8.3/../../../../arm-none-eabi/lib/armv6-m/libc_s.a(lib_a-memcpy-stub.o)
                0x0000000000001580                memcpy
 .text.memset   0x0000000000001592       0x10 /Users/Kevin/Documents/adamgreen-gcc4mbed-1f1ebc4/gcc-arm-none-eabi/bin/../lib/gcc/arm-none-eabi/4.8.3/../../../../arm-none-eabi/lib/armv6-m/libc_s.a(lib_a-memset.o)
                0x0000000000001592                memset
 *fill*         0x00000000000015a2        0x2 
 .text._free_r  0x00000000000015a4       0x90 /Users/Kevin/Documents/adamgreen-gcc4mbed-1f1ebc4/gcc-arm-none-eabi/bin/../lib/gcc/arm-none-eabi/4.8.3/../../../../arm-none-eabi/lib/armv6-m/libc_s.a(lib_a-nano-freer.o)
                0x00000000000015a4                _free_r
 .text._malloc_r
                0x0000000000001634       0xa8 /Users/Kevin/Documents/adamgreen-gcc4mbed-1f1ebc4/gcc-arm-none-eabi/bin/../lib/gcc/arm-none-eabi/4.8.3/../../../../arm-none-eabi/lib/armv6-m/libc_s.a(lib_a-nano-mallocr.o)
                0x0000000000001634                _malloc_r
 .text._sbrk_r  0x00000000000016dc       0x24 /Users/Kevin/Documents/adamgreen-gcc4mbed-1f1ebc4/gcc-arm-none-eabi/bin/../lib/gcc/arm-none-eabi/4.8.3/../../../../arm-none-eabi/lib/armv6-m/libc_s.a(lib_a-sbrkr.o)
                0x00000000000016dc                _sbrk_r
 .text.__sread  0x0000000000001700       0x28 /Users/Kevin/Documents/adamgreen-gcc4mbed-1f1ebc4/gcc-arm-none-eabi/bin/../lib/gcc/arm-none-eabi/4.8.3/../../../../arm-none-eabi/lib/armv6-m/libc_s.a(lib_a-stdio.o)
                0x0000000000001700                __sread
 .text.__swrite
                0x0000000000001728       0x38 /Users/Kevin/Documents/adamgreen-gcc4mbed-1f1ebc4/gcc-arm-none-eabi/bin/../lib/gcc/arm-none-eabi/4.8.3/../../../../arm-none-eabi/lib/armv6-m/libc_s.a(lib_a-stdio.o)
                0x0000000000001728                __swrite
 .text.__sseek  0x0000000000001760       0x2c /Users/Kevin/Documents/adamgreen-gcc4mbed-1f1ebc4/gcc-arm-none-eabi/bin/../lib/gcc/arm-none-eabi/4.8.3/../../../../arm-none-eabi/lib/armv6-m/libc_s.a(lib_a-stdio.o)
                0x0000000000001760                __sseek
 .text.__sclose
                0x000000000000178c        0xc /Users/Kevin/Documents/adamgreen-gcc4mbed-1f1ebc4/gcc-arm-none-eabi/bin/../lib/gcc/arm-none-eabi/4.8.3/../../../../arm-none-eabi/lib/armv6-m/libc_s.a(lib_a-stdio.o)
                0x000000000000178c                __sclose
 .text.strlen   0x0000000000001798        0xe /Users/Kevin/Documents/adamgreen-gcc4mbed-1f1ebc4/gcc-arm-none-eabi/bin/../lib/gcc/arm-none-eabi/4.8.3/../../../../arm-none-eabi/lib/armv6-m/libc_s.a(lib_a-strlen.o)
                0x0000000000001798                strlen
 .text.__sfputc_r
                0x00000000000017a6       0x2a /Users/Kevin/Documents/adamgreen-gcc4mbed-1f1ebc4/gcc-arm-none-eabi/bin/../lib/gcc/arm-none-eabi/4.8.3/../../../../arm-none-eabi/lib/armv6-m/libc_s.a(lib_a-vfprintf.o)
 .text.__sfputs_r
                0x00000000000017d0       0x24 /Users/Kevin/Documents/adamgreen-gcc4mbed-1f1ebc4/gcc-arm-none-eabi/bin/../lib/gcc/arm-none-eabi/4.8.3/../../../../arm-none-eabi/lib/armv6-m/libc_s.a(lib_a-vfprintf.o)
                0x00000000000017d0                __sfputs_r
 .text._vfprintf_r
                0x00000000000017f4      0x210 /Users/Kevin/Documents/adamgreen-gcc4mbed-1f1ebc4/gcc-arm-none-eabi/bin/../lib/gcc/arm-none-eabi/4.8.3/../../../../arm-none-eabi/lib/armv6-m/libc_s.a(lib_a-vfprintf.o)
                0x00000000000017f4                _vfiprintf_r
                0x00000000000017f4                _vfprintf_r
 .text.vfprintf
                0x0000000000001a04       0x1c /Users/Kevin/Documents/adamgreen-gcc4mbed-1f1ebc4/gcc-arm-none-eabi/bin/../lib/gcc/arm-none-eabi/4.8.3/../../../../arm-none-eabi/lib/armv6-m/libc_s.a(lib_a-vfprintf.o)
                0x0000000000001a04                vfiprintf
                0x0000000000001a04                vfprintf
 .text._printf_common
                0x0000000000001a20       0xe8 /Users/Kevin/Documents/adamgreen-gcc4mbed-1f1ebc4/gcc-arm-none-eabi/bin/../lib/gcc/arm-none-eabi/4.8.3/../../../../arm-none-eabi/lib/armv6-m/libc_s.a(lib_a-vfprintf_i.o)
                0x0000000000001a20                _printf_common
 .text._printf_i
                0x0000000000001b08      0x22c /Users/Kevin/Documents/adamgreen-gcc4mbed-1f1ebc4/gcc-arm-none-eabi/bin/../lib/gcc/arm-none-eabi/4.8.3/../../../../arm-none-eabi/lib/armv6-m/libc_s.a(lib_a-vfprintf_i.o)
                0x0000000000001b08                _printf_i
 .text.__swbuf_r
                0x0000000000001d34       0xb0 /Users/Kevin/Documents/adamgreen-gcc4mbed-1f1ebc4/gcc-arm-none-eabi/bin/../lib/gcc/arm-none-eabi/4.8.3/../../../../arm-none-eabi/lib/armv6-m/libc_s.a(lib_a-wbuf.o)
                0x0000000000001d34                __swbuf_r
 .text._write_r
                0x0000000000001de4       0x28 /Users/Kevin/Documents/adamgreen-gcc4mbed-1f1ebc4/gcc-arm-none-eabi/bin/../lib/gcc/arm-none-eabi/4.8.3/../../../../arm-none-eabi/lib/armv6-m/libc_s.a(lib_a-writer.o)
                0x0000000000001de4                _write_r
 .text.__swsetup_r
                0x0000000000001e0c       0xe4 /Users/Kevin/Documents/adamgreen-gcc4mbed-1f1ebc4/gcc-arm-none-eabi/bin/../lib/gcc/arm-none-eabi/4.8.3/../../../../arm-none-eabi/lib/armv6-m/libc_s.a(lib_a-wsetup.o)
                0x0000000000001e0c                __swsetup_r
 .text._close_r
                0x0000000000001ef0       0x24 /Users/Kevin/Documents/adamgreen-gcc4mbed-1f1ebc4/gcc-arm-none-eabi/bin/../lib/gcc/arm-none-eabi/4.8.3/../../../../arm-none-eabi/lib/armv6-m/libc_s.a(lib_a-closer.o)
                0x0000000000001ef0                _close_r
 .text._lseek_r
                0x0000000000001f14       0x28 /Users/Kevin/Documents/adamgreen-gcc4mbed-1f1ebc4/gcc-arm-none-eabi/bin/../lib/gcc/arm-none-eabi/4.8.3/../../../../arm-none-eabi/lib/armv6-m/libc_s.a(lib_a-lseekr.o)
                0x0000000000001f14                _lseek_r
 .text.__smakebuf_r
                0x0000000000001f3c       0xa0 /Users/Kevin/Documents/adamgreen-gcc4mbed-1f1ebc4/gcc-arm-none-eabi/bin/../lib/gcc/arm-none-eabi/4.8.3/../../../../arm-none-eabi/lib/armv6-m/libc_s.a(lib_a-makebuf.o)
                0x0000000000001f3c                __smakebuf_r
 .text.memchr   0x0000000000001fdc       0x16 /Users/Kevin/Documents/adamgreen-gcc4mbed-1f1ebc4/gcc-arm-none-eabi/bin/../lib/gcc/arm-none-eabi/4.8.3/../../../../arm-none-eabi/lib/armv6-m/libc_s.a(lib_a-memchr-stub.o)
                0x0000000000001fdc                memchr
 *fill*         0x0000000000001ff2        0x2 
 .text._read_r  0x0000000000001ff4       0x28 /Users/Kevin/Documents/adamgreen-gcc4mbed-1f1ebc4/gcc-arm-none-eabi/bin/../lib/gcc/arm-none-eabi/4.8.3/../../../../arm-none-eabi/lib/armv6-m/libc_s.a(lib_a-readr.o)
                0x0000000000001ff4                _read_r
 .text._fstat_r
                0x000000000000201c       0x24 /Users/Kevin/Documents/adamgreen-gcc4mbed-1f1ebc4/gcc-arm-none-eabi/bin/../lib/gcc/arm-none-eabi/4.8.3/../../../../arm-none-eabi/lib/armv6-m/libc_s.a(lib_a-fstatr.o)
                0x000000000000201c                _fstat_r
 .text._isatty_r
                0x0000000000002040       0x24 /Users/Kevin/Documents/adamgreen-gcc4mbed-1f1ebc4/gcc-arm-none-eabi/bin/../lib/gcc/arm-none-eabi/4.8.3/../../../../arm-none-eabi/lib/armv6-m/libc_s.a(lib_a-isattyr.o)
                0x0000000000002040                _isatty_r
 *(.init)
 .init          0x0000000000002064        0x4 /Users/Kevin/Documents/adamgreen-gcc4mbed-1f1ebc4/gcc-arm-none-eabi/bin/../lib/gcc/arm-none-eabi/4.8.3/armv6-m/crti.o
                0x0000000000002064                _init
 .init          0x0000000000002068        0x8 /Users/Kevin/Documents/adamgreen-gcc4mbed-1f1ebc4/gcc-arm-none-eabi/bin/../lib/gcc/arm-none-eabi/4.8.3/armv6-m/crtn.o
 *(.fini)
 .fini          0x0000000000002070        0x4 /Users/Kevin/Documents/adamgreen-gcc4mbed-1f1ebc4/gcc-arm-none-eabi/bin/../lib/gcc/arm-none-eabi/4.8.3/armv6-m/crti.o
                0x0000000000002070                _fini
 .fini          0x0000000000002074        0x8 /Users/Kevin/Documents/adamgreen-gcc4mbed-1f1ebc4/gcc-arm-none-eabi/bin/../lib/gcc/arm-none-eabi/4.8.3/armv6-m/crtn.o
 *crtbegin.o(.ctors)
 *crtbegin?.o(.ctors)
 *(EXCLUDE_FILE(*crtend.o *crtend?.o) .ctors)
 *(SORT(.ctors.*))
 *(.ctors)
 *crtbegin.o(.dtors)
 *crtbegin?.o(.dtors)
 *(EXCLUDE_FILE(*crtend.o *crtend?.o) .dtors)
 *(SORT(.dtors.*))
 *(.dtors)
 *(.rodata*)
 .rodata.PinMap_UART_RX
                0x000000000000207c       0x6c /Users/Kevin/Documents/adamgreen-gcc4mbed-1f1ebc4/external/mbed/Release/Freescale_KL25Z/mbed.a(PeripheralPins.o)
                0x000000000000207c                PinMap_UART_RX
 .rodata.PinMap_UART_TX
                0x00000000000020e8       0x6c /Users/Kevin/Documents/adamgreen-gcc4mbed-1f1ebc4/external/mbed/Release/Freescale_KL25Z/mbed.a(PeripheralPins.o)
                0x00000000000020e8                PinMap_UART_TX
 .rodata.str1.4
                0x0000000000002154       0x48 /Users/Kevin/Documents/adamgreen-gcc4mbed-1f1ebc4/external/mbed/Release/Freescale_KL25Z/mbed.a(pinmap_common.o)
 .rodata.__sf_fake_stdin
                0x000000000000219c       0x20 /Users/Kevin/Documents/adamgreen-gcc4mbed-1f1ebc4/gcc-arm-none-eabi/bin/../lib/gcc/arm-none-eabi/4.8.3/../../../../arm-none-eabi/lib/armv6-m/libc_s.a(lib_a-findfp.o)
                0x000000000000219c                __sf_fake_stdin
 .rodata.__sf_fake_stdout
                0x00000000000021bc       0x20 /Users/Kevin/Documents/adamgreen-gcc4mbed-1f1ebc4/gcc-arm-none-eabi/bin/../lib/gcc/arm-none-eabi/4.8.3/../../../../arm-none-eabi/lib/armv6-m/libc_s.a(lib_a-findfp.o)
                0x00000000000021bc                __sf_fake_stdout
 .rodata.__sf_fake_stderr
                0x00000000000021dc       0x20 /Users/Kevin/Documents/adamgreen-gcc4mbed-1f1ebc4/gcc-arm-none-eabi/bin/../lib/gcc/arm-none-eabi/4.8.3/../../../../arm-none-eabi/lib/armv6-m/libc_s.a(lib_a-findfp.o)
                0x00000000000021dc                __sf_fake_stderr
 .rodata.str1.1
                0x00000000000021fc        0x2 /Users/Kevin/Documents/adamgreen-gcc4mbed-1f1ebc4/gcc-arm-none-eabi/bin/../lib/gcc/arm-none-eabi/4.8.3/../../../../arm-none-eabi/lib/armv6-m/libc_s.a(lib_a-impure.o)
 *fill*         0x00000000000021fe        0x2 
 .rodata._global_impure_ptr
                0x0000000000002200        0x4 /Users/Kevin/Documents/adamgreen-gcc4mbed-1f1ebc4/gcc-arm-none-eabi/bin/../lib/gcc/arm-none-eabi/4.8.3/../../../../arm-none-eabi/lib/armv6-m/libc_s.a(lib_a-impure.o)
                0x0000000000002200                _global_impure_ptr
 .rodata.str1.1
                0x0000000000002204       0x11 /Users/Kevin/Documents/adamgreen-gcc4mbed-1f1ebc4/gcc-arm-none-eabi/bin/../lib/gcc/arm-none-eabi/4.8.3/../../../../arm-none-eabi/lib/armv6-m/libc_s.a(lib_a-vfprintf.o)
 .rodata.str1.1
                0x0000000000002215       0x22 /Users/Kevin/Documents/adamgreen-gcc4mbed-1f1ebc4/gcc-arm-none-eabi/bin/../lib/gcc/arm-none-eabi/4.8.3/../../../../arm-none-eabi/lib/armv6-m/libc_s.a(lib_a-vfprintf_i.o)
 *(.eh_frame*)
 *fill*         0x0000000000002237        0x1 
 .eh_frame      0x0000000000002238        0x0 /Users/Kevin/Documents/adamgreen-gcc4mbed-1f1ebc4/gcc-arm-none-eabi/bin/../lib/gcc/arm-none-eabi/4.8.3/armv6-m/crtbegin.o
 .eh_frame      0x0000000000002238        0x4 /Users/Kevin/Documents/adamgreen-gcc4mbed-1f1ebc4/gcc-arm-none-eabi/bin/../lib/gcc/arm-none-eabi/4.8.3/armv6-m/crtend.o

.glue_7         0x000000000000223c        0x0
 .glue_7        0x0000000000000000        0x0 linker stubs

.glue_7t        0x000000000000223c        0x0
 .glue_7t       0x0000000000000000        0x0 linker stubs

.vfp11_veneer   0x000000000000223c        0x0
 .vfp11_veneer  0x0000000000000000        0x0 linker stubs

.v4_bx          0x000000000000223c        0x0
 .v4_bx         0x0000000000000000        0x0 linker stubs

.iplt           0x000000000000223c        0x0
 .iplt          0x0000000000000000        0x0 /Users/Kevin/Documents/adamgreen-gcc4mbed-1f1ebc4/gcc-arm-none-eabi/bin/../lib/gcc/arm-none-eabi/4.8.3/armv6-m/crtbegin.o

.rel.dyn        0x000000000000223c        0x0
 .rel.iplt      0x0000000000000000        0x0 /Users/Kevin/Documents/adamgreen-gcc4mbed-1f1ebc4/gcc-arm-none-eabi/bin/../lib/gcc/arm-none-eabi/4.8.3/armv6-m/crtbegin.o

.ARM.extab
 *(.ARM.extab* .gnu.linkonce.armextab.*)
                0x000000000000223c                __exidx_start = .

.ARM.exidx
 *(.ARM.exidx* .gnu.linkonce.armexidx.*)
                0x000000000000223c                __exidx_end = .
                0x000000000000223c                __etext = .

.data           0x000000001ffff0c0       0x78 load address 0x000000000000223c
                0x000000001ffff0c0                __data_start__ = .
 *(vtable)
 *(.data*)
 .data.is_debugger_attached
                0x000000001ffff0c0        0x4 /Users/Kevin/Documents/adamgreen-gcc4mbed-1f1ebc4/external/mbed/Release/Freescale_KL25Z/mbed.a(semihost_api.o)
 .data._ZZ5_sbrkE4heap
                0x000000001ffff0c4        0x4 /Users/Kevin/Documents/adamgreen-gcc4mbed-1f1ebc4/external/mbed/Release/Freescale_KL25Z/mbed.a(retarget.o)
 .data.SystemCoreClock
                0x000000001ffff0c8        0x4 /Users/Kevin/Documents/adamgreen-gcc4mbed-1f1ebc4/external/mbed/Release/Freescale_KL25Z/mbed.a(system_MKL25Z4.o)
                0x000000001ffff0c8                SystemCoreClock
 .data.impure_data
                0x000000001ffff0cc       0x60 /Users/Kevin/Documents/adamgreen-gcc4mbed-1f1ebc4/gcc-arm-none-eabi/bin/../lib/gcc/arm-none-eabi/4.8.3/../../../../arm-none-eabi/lib/armv6-m/libc_s.a(lib_a-impure.o)
 .data._impure_ptr
                0x000000001ffff12c        0x4 /Users/Kevin/Documents/adamgreen-gcc4mbed-1f1ebc4/gcc-arm-none-eabi/bin/../lib/gcc/arm-none-eabi/4.8.3/../../../../arm-none-eabi/lib/armv6-m/libc_s.a(lib_a-impure.o)
                0x000000001ffff12c                _impure_ptr
                0x000000001ffff130                . = ALIGN (0x4)
                0x000000001ffff130                PROVIDE (__preinit_array_start, .)
 *(.preinit_array)
                0x000000001ffff130                PROVIDE (__preinit_array_end, .)
                0x000000001ffff130                . = ALIGN (0x4)
                0x000000001ffff130                PROVIDE (__init_array_start, .)
 *(SORT(.init_array.*))
 *(.init_array)
 .init_array    0x000000001ffff130        0x4 /Users/Kevin/Documents/adamgreen-gcc4mbed-1f1ebc4/gcc-arm-none-eabi/bin/../lib/gcc/arm-none-eabi/4.8.3/armv6-m/crtbegin.o
                0x000000001ffff134                PROVIDE (__init_array_end, .)
                0x000000001ffff134                . = ALIGN (0x4)
                0x000000001ffff134                PROVIDE (__fini_array_start, .)
 *(SORT(.fini_array.*))
 *(.fini_array)
 .fini_array    0x000000001ffff134        0x4 /Users/Kevin/Documents/adamgreen-gcc4mbed-1f1ebc4/gcc-arm-none-eabi/bin/../lib/gcc/arm-none-eabi/4.8.3/armv6-m/crtbegin.o
                0x000000001ffff138                PROVIDE (__fini_array_end, .)
                0x000000001ffff138                . = ALIGN (0x4)
                0x000000001ffff138                __data_end__ = .

.jcr            0x000000001ffff138        0x0 load address 0x00000000000022b4
 .jcr           0x000000001ffff138        0x0 /Users/Kevin/Documents/adamgreen-gcc4mbed-1f1ebc4/gcc-arm-none-eabi/bin/../lib/gcc/arm-none-eabi/4.8.3/armv6-m/crtbegin.o

.igot.plt       0x000000001ffff138        0x0 load address 0x00000000000022b4
 .igot.plt      0x0000000000000000        0x0 /Users/Kevin/Documents/adamgreen-gcc4mbed-1f1ebc4/gcc-arm-none-eabi/bin/../lib/gcc/arm-none-eabi/4.8.3/armv6-m/crtbegin.o

.bss            0x000000001ffff138      0x148 load address 0x00000000000022b4
                0x000000001ffff138                __bss_start__ = .
 *(.bss*)
 .bss           0x000000001ffff138       0x1c /Users/Kevin/Documents/adamgreen-gcc4mbed-1f1ebc4/gcc-arm-none-eabi/bin/../lib/gcc/arm-none-eabi/4.8.3/armv6-m/crtbegin.o
 .bss._ZL11filehandles
                0x000000001ffff154      0x100 /Users/Kevin/Documents/adamgreen-gcc4mbed-1f1ebc4/external/mbed/Release/Freescale_KL25Z/mbed.a(retarget.o)
 .bss.stdio_uart_inited
                0x000000001ffff254        0x4 /Users/Kevin/Documents/adamgreen-gcc4mbed-1f1ebc4/external/mbed/Release/Freescale_KL25Z/mbed.a(serial_api.o)
                0x000000001ffff254                stdio_uart_inited
 .bss.us_ticker_int_counter
                0x000000001ffff258        0x4 /Users/Kevin/Documents/adamgreen-gcc4mbed-1f1ebc4/external/mbed/Release/Freescale_KL25Z/mbed.a(us_ticker.o)
 .bss.us_ticker_inited
                0x000000001ffff25c        0x4 /Users/Kevin/Documents/adamgreen-gcc4mbed-1f1ebc4/external/mbed/Release/Freescale_KL25Z/mbed.a(us_ticker.o)
 .bss.us_ticker_int_remainder
                0x000000001ffff260        0x2 /Users/Kevin/Documents/adamgreen-gcc4mbed-1f1ebc4/external/mbed/Release/Freescale_KL25Z/mbed.a(us_ticker.o)
 *fill*         0x000000001ffff262        0x2 
 .bss.head      0x000000001ffff264        0x4 /Users/Kevin/Documents/adamgreen-gcc4mbed-1f1ebc4/external/mbed/Release/Freescale_KL25Z/mbed.a(us_ticker_api.o)
 .bss.event_handler
                0x000000001ffff268        0x4 /Users/Kevin/Documents/adamgreen-gcc4mbed-1f1ebc4/external/mbed/Release/Freescale_KL25Z/mbed.a(us_ticker_api.o)
 .bss.__malloc_sbrk_start
                0x000000001ffff26c        0x4 /Users/Kevin/Documents/adamgreen-gcc4mbed-1f1ebc4/gcc-arm-none-eabi/bin/../lib/gcc/arm-none-eabi/4.8.3/../../../../arm-none-eabi/lib/armv6-m/libc_s.a(lib_a-nano-mallocr.o)
                0x000000001ffff26c                __malloc_sbrk_start
 .bss.__malloc_free_list
                0x000000001ffff270        0x4 /Users/Kevin/Documents/adamgreen-gcc4mbed-1f1ebc4/gcc-arm-none-eabi/bin/../lib/gcc/arm-none-eabi/4.8.3/../../../../arm-none-eabi/lib/armv6-m/libc_s.a(lib_a-nano-mallocr.o)
                0x000000001ffff270                __malloc_free_list
 *(COMMON)
 COMMON         0x000000001ffff274        0x8 /Users/Kevin/Documents/adamgreen-gcc4mbed-1f1ebc4/external/mbed/Release/Freescale_KL25Z/mbed.a(serial_api.o)
                0x000000001ffff274                stdio_uart
 COMMON         0x000000001ffff27c        0x4 /Users/Kevin/Documents/adamgreen-gcc4mbed-1f1ebc4/gcc-arm-none-eabi/bin/../lib/gcc/arm-none-eabi/4.8.3/../../../../arm-none-eabi/lib/armv6-m/libc_s.a(lib_a-reent.o)
                0x000000001ffff27c                errno
                0x000000001ffff280                __bss_end__ = .

.heap           0x000000001ffff280       0x80
                0x000000001ffff280                __end__ = .
                0x000000001ffff280                end = __end__
 *(.heap*)
 .heap          0x000000001ffff280       0x80 /Users/Kevin/Documents/adamgreen-gcc4mbed-1f1ebc4/external/mbed/Release/Freescale_KL25Z/mbed.a(startup_MKL25Z4.o)
                0x000000001ffff280                __HeapBase
                0x000000001ffff300                __HeapLimit = .

.stack_dummy    0x000000001ffff280       0x80
 *(.stack)
 .stack         0x000000001ffff280       0x80 /Users/Kevin/Documents/adamgreen-gcc4mbed-1f1ebc4/external/mbed/Release/Freescale_KL25Z/mbed.a(startup_MKL25Z4.o)
                0x0000000020003000                __StackTop = (ORIGIN (RAM) + 0x3f40)
                0x0000000020002f80                __StackLimit = (__StackTop - SIZEOF (.stack_dummy))
                0x0000000020003000                PROVIDE (__stack, __StackTop)
                0x0000000000000001                ASSERT ((__StackLimit >= __HeapLimit), region RAM overflowed with stack)
OUTPUT(KL25Z/Client.elf elf32-littlearm)

.ARM.attributes
                0x0000000000000000       0x28
 .ARM.attributes
                0x0000000000000000       0x1e /Users/Kevin/Documents/adamgreen-gcc4mbed-1f1ebc4/gcc-arm-none-eabi/bin/../lib/gcc/arm-none-eabi/4.8.3/armv6-m/crti.o
 .ARM.attributes
                0x000000000000001e       0x2c /Users/Kevin/Documents/adamgreen-gcc4mbed-1f1ebc4/gcc-arm-none-eabi/bin/../lib/gcc/arm-none-eabi/4.8.3/armv6-m/crtbegin.o
 .ARM.attributes
                0x000000000000004a       0x32 KL25Z/gcc4mbed.o
 .ARM.attributes
                0x000000000000007c       0x32 /Users/Kevin/Documents/adamgreen-gcc4mbed-1f1ebc4/external/mbed/Release/Freescale_KL25Z/mbed.a(cmsis_nvic.o)
 .ARM.attributes
                0x00000000000000ae       0x32 /Users/Kevin/Documents/adamgreen-gcc4mbed-1f1ebc4/external/mbed/Release/Freescale_KL25Z/mbed.a(error.o)
 .ARM.attributes
                0x00000000000000e0       0x32 /Users/Kevin/Documents/adamgreen-gcc4mbed-1f1ebc4/external/mbed/Release/Freescale_KL25Z/mbed.a(exit.o)
 .ARM.attributes
                0x0000000000000112       0x32 /Users/Kevin/Documents/adamgreen-gcc4mbed-1f1ebc4/external/mbed/Release/Freescale_KL25Z/mbed.a(gpio.o)
 .ARM.attributes
                0x0000000000000144       0x32 /Users/Kevin/Documents/adamgreen-gcc4mbed-1f1ebc4/external/mbed/Release/Freescale_KL25Z/mbed.a(mbed_interface.o)
 .ARM.attributes
                0x0000000000000176       0x32 /Users/Kevin/Documents/adamgreen-gcc4mbed-1f1ebc4/external/mbed/Release/Freescale_KL25Z/mbed.a(semihost_api.o)
 .ARM.attributes
                0x00000000000001a8       0x32 /Users/Kevin/Documents/adamgreen-gcc4mbed-1f1ebc4/external/mbed/Release/Freescale_KL25Z/mbed.a(wait_api.o)
 .ARM.attributes
                0x00000000000001da       0x32 /Users/Kevin/Documents/adamgreen-gcc4mbed-1f1ebc4/external/mbed/Release/Freescale_KL25Z/mbed.a(retarget.o)
 .ARM.attributes
                0x000000000000020c       0x1b /Users/Kevin/Documents/adamgreen-gcc4mbed-1f1ebc4/external/mbed/Release/Freescale_KL25Z/mbed.a(startup_MKL25Z4.o)
 .ARM.attributes
                0x0000000000000227       0x32 /Users/Kevin/Documents/adamgreen-gcc4mbed-1f1ebc4/external/mbed/Release/Freescale_KL25Z/mbed.a(gpio_api.o)
 .ARM.attributes
                0x0000000000000259       0x32 /Users/Kevin/Documents/adamgreen-gcc4mbed-1f1ebc4/external/mbed/Release/Freescale_KL25Z/mbed.a(pinmap.o)
 .ARM.attributes
                0x000000000000028b       0x32 /Users/Kevin/Documents/adamgreen-gcc4mbed-1f1ebc4/external/mbed/Release/Freescale_KL25Z/mbed.a(serial_api.o)
 .ARM.attributes
                0x00000000000002bd       0x32 /Users/Kevin/Documents/adamgreen-gcc4mbed-1f1ebc4/external/mbed/Release/Freescale_KL25Z/mbed.a(us_ticker.o)
 .ARM.attributes
                0x00000000000002ef       0x32 /Users/Kevin/Documents/adamgreen-gcc4mbed-1f1ebc4/external/mbed/Release/Freescale_KL25Z/mbed.a(PeripheralPins.o)
 .ARM.attributes
                0x0000000000000321       0x32 /Users/Kevin/Documents/adamgreen-gcc4mbed-1f1ebc4/external/mbed/Release/Freescale_KL25Z/mbed.a(system_MKL25Z4.o)
 .ARM.attributes
                0x0000000000000353       0x32 /Users/Kevin/Documents/adamgreen-gcc4mbed-1f1ebc4/external/mbed/Release/Freescale_KL25Z/mbed.a(board.o)
 .ARM.attributes
                0x0000000000000385       0x32 /Users/Kevin/Documents/adamgreen-gcc4mbed-1f1ebc4/external/mbed/Release/Freescale_KL25Z/mbed.a(pinmap_common.o)
 .ARM.attributes
                0x00000000000003b7       0x32 /Users/Kevin/Documents/adamgreen-gcc4mbed-1f1ebc4/external/mbed/Release/Freescale_KL25Z/mbed.a(us_ticker_api.o)
 .ARM.attributes
                0x00000000000003e9       0x1e /Users/Kevin/Documents/adamgreen-gcc4mbed-1f1ebc4/gcc-arm-none-eabi/bin/../lib/gcc/arm-none-eabi/4.8.3/armv6-m/libgcc.a(_udivsi3.o)
 .ARM.attributes
                0x0000000000000407       0x1e /Users/Kevin/Documents/adamgreen-gcc4mbed-1f1ebc4/gcc-arm-none-eabi/bin/../lib/gcc/arm-none-eabi/4.8.3/armv6-m/libgcc.a(_dvmd_tls.o)
 .ARM.attributes
                0x0000000000000425       0x2c /Users/Kevin/Documents/adamgreen-gcc4mbed-1f1ebc4/gcc-arm-none-eabi/bin/../lib/gcc/arm-none-eabi/4.8.3/../../../../arm-none-eabi/lib/armv6-m/libc_s.a(lib_a-errno.o)
 .ARM.attributes
                0x0000000000000451       0x2c /Users/Kevin/Documents/adamgreen-gcc4mbed-1f1ebc4/gcc-arm-none-eabi/bin/../lib/gcc/arm-none-eabi/4.8.3/../../../../arm-none-eabi/lib/armv6-m/libc_s.a(lib_a-fflush.o)
 .ARM.attributes
                0x000000000000047d       0x2c /Users/Kevin/Documents/adamgreen-gcc4mbed-1f1ebc4/gcc-arm-none-eabi/bin/../lib/gcc/arm-none-eabi/4.8.3/../../../../arm-none-eabi/lib/armv6-m/libc_s.a(lib_a-findfp.o)
 .ARM.attributes
                0x00000000000004a9       0x2c /Users/Kevin/Documents/adamgreen-gcc4mbed-1f1ebc4/gcc-arm-none-eabi/bin/../lib/gcc/arm-none-eabi/4.8.3/../../../../arm-none-eabi/lib/armv6-m/libc_s.a(lib_a-fwalk.o)
 .ARM.attributes
                0x00000000000004d5       0x2c /Users/Kevin/Documents/adamgreen-gcc4mbed-1f1ebc4/gcc-arm-none-eabi/bin/../lib/gcc/arm-none-eabi/4.8.3/../../../../arm-none-eabi/lib/armv6-m/libc_s.a(lib_a-impure.o)
 .ARM.attributes
                0x0000000000000501       0x2c /Users/Kevin/Documents/adamgreen-gcc4mbed-1f1ebc4/gcc-arm-none-eabi/bin/../lib/gcc/arm-none-eabi/4.8.3/../../../../arm-none-eabi/lib/armv6-m/libc_s.a(lib_a-init.o)
 .ARM.attributes
                0x000000000000052d       0x2c /Users/Kevin/Documents/adamgreen-gcc4mbed-1f1ebc4/gcc-arm-none-eabi/bin/../lib/gcc/arm-none-eabi/4.8.3/../../../../arm-none-eabi/lib/armv6-m/libc_s.a(lib_a-memcpy-stub.o)
 .ARM.attributes
                0x0000000000000559       0x2c /Users/Kevin/Documents/adamgreen-gcc4mbed-1f1ebc4/gcc-arm-none-eabi/bin/../lib/gcc/arm-none-eabi/4.8.3/../../../../arm-none-eabi/lib/armv6-m/libc_s.a(lib_a-memset.o)
 .ARM.attributes
                0x0000000000000585       0x2c /Users/Kevin/Documents/adamgreen-gcc4mbed-1f1ebc4/gcc-arm-none-eabi/bin/../lib/gcc/arm-none-eabi/4.8.3/../../../../arm-none-eabi/lib/armv6-m/libc_s.a(lib_a-nano-freer.o)
 .ARM.attributes
                0x00000000000005b1       0x2c /Users/Kevin/Documents/adamgreen-gcc4mbed-1f1ebc4/gcc-arm-none-eabi/bin/../lib/gcc/arm-none-eabi/4.8.3/../../../../arm-none-eabi/lib/armv6-m/libc_s.a(lib_a-nano-mallocr.o)
 .ARM.attributes
                0x00000000000005dd       0x2c /Users/Kevin/Documents/adamgreen-gcc4mbed-1f1ebc4/gcc-arm-none-eabi/bin/../lib/gcc/arm-none-eabi/4.8.3/../../../../arm-none-eabi/lib/armv6-m/libc_s.a(lib_a-reent.o)
 .ARM.attributes
                0x0000000000000609       0x2c /Users/Kevin/Documents/adamgreen-gcc4mbed-1f1ebc4/gcc-arm-none-eabi/bin/../lib/gcc/arm-none-eabi/4.8.3/../../../../arm-none-eabi/lib/armv6-m/libc_s.a(lib_a-sbrkr.o)
 .ARM.attributes
                0x0000000000000635       0x2c /Users/Kevin/Documents/adamgreen-gcc4mbed-1f1ebc4/gcc-arm-none-eabi/bin/../lib/gcc/arm-none-eabi/4.8.3/../../../../arm-none-eabi/lib/armv6-m/libc_s.a(lib_a-stdio.o)
 .ARM.attributes
                0x0000000000000661       0x2c /Users/Kevin/Documents/adamgreen-gcc4mbed-1f1ebc4/gcc-arm-none-eabi/bin/../lib/gcc/arm-none-eabi/4.8.3/../../../../arm-none-eabi/lib/armv6-m/libc_s.a(lib_a-strlen.o)
 .ARM.attributes
                0x000000000000068d       0x2c /Users/Kevin/Documents/adamgreen-gcc4mbed-1f1ebc4/gcc-arm-none-eabi/bin/../lib/gcc/arm-none-eabi/4.8.3/../../../../arm-none-eabi/lib/armv6-m/libc_s.a(lib_a-vfprintf.o)
 .ARM.attributes
                0x00000000000006b9       0x2c /Users/Kevin/Documents/adamgreen-gcc4mbed-1f1ebc4/gcc-arm-none-eabi/bin/../lib/gcc/arm-none-eabi/4.8.3/../../../../arm-none-eabi/lib/armv6-m/libc_s.a(lib_a-vfprintf_i.o)
 .ARM.attributes
                0x00000000000006e5       0x2c /Users/Kevin/Documents/adamgreen-gcc4mbed-1f1ebc4/gcc-arm-none-eabi/bin/../lib/gcc/arm-none-eabi/4.8.3/../../../../arm-none-eabi/lib/armv6-m/libc_s.a(lib_a-wbuf.o)
 .ARM.attributes
                0x0000000000000711       0x2c /Users/Kevin/Documents/adamgreen-gcc4mbed-1f1ebc4/gcc-arm-none-eabi/bin/../lib/gcc/arm-none-eabi/4.8.3/../../../../arm-none-eabi/lib/armv6-m/libc_s.a(lib_a-writer.o)
 .ARM.attributes
                0x000000000000073d       0x2c /Users/Kevin/Documents/adamgreen-gcc4mbed-1f1ebc4/gcc-arm-none-eabi/bin/../lib/gcc/arm-none-eabi/4.8.3/../../../../arm-none-eabi/lib/armv6-m/libc_s.a(lib_a-wsetup.o)
 .ARM.attributes
                0x0000000000000769       0x2c /Users/Kevin/Documents/adamgreen-gcc4mbed-1f1ebc4/gcc-arm-none-eabi/bin/../lib/gcc/arm-none-eabi/4.8.3/../../../../arm-none-eabi/lib/armv6-m/libc_s.a(lib_a-closer.o)
 .ARM.attributes
                0x0000000000000795       0x2c /Users/Kevin/Documents/adamgreen-gcc4mbed-1f1ebc4/gcc-arm-none-eabi/bin/../lib/gcc/arm-none-eabi/4.8.3/../../../../arm-none-eabi/lib/armv6-m/libc_s.a(lib_a-lseekr.o)
 .ARM.attributes
                0x00000000000007c1       0x2c /Users/Kevin/Documents/adamgreen-gcc4mbed-1f1ebc4/gcc-arm-none-eabi/bin/../lib/gcc/arm-none-eabi/4.8.3/../../../../arm-none-eabi/lib/armv6-m/libc_s.a(lib_a-makebuf.o)
 .ARM.attributes
                0x00000000000007ed       0x2c /Users/Kevin/Documents/adamgreen-gcc4mbed-1f1ebc4/gcc-arm-none-eabi/bin/../lib/gcc/arm-none-eabi/4.8.3/../../../../arm-none-eabi/lib/armv6-m/libc_s.a(lib_a-memchr-stub.o)
 .ARM.attributes
                0x0000000000000819       0x2c /Users/Kevin/Documents/adamgreen-gcc4mbed-1f1ebc4/gcc-arm-none-eabi/bin/../lib/gcc/arm-none-eabi/4.8.3/../../../../arm-none-eabi/lib/armv6-m/libc_s.a(lib_a-readr.o)
 .ARM.attributes
                0x0000000000000845       0x2c /Users/Kevin/Documents/adamgreen-gcc4mbed-1f1ebc4/gcc-arm-none-eabi/bin/../lib/gcc/arm-none-eabi/4.8.3/../../../../arm-none-eabi/lib/armv6-m/libc_s.a(lib_a-fstatr.o)
 .ARM.attributes
                0x0000000000000871       0x2c /Users/Kevin/Documents/adamgreen-gcc4mbed-1f1ebc4/gcc-arm-none-eabi/bin/../lib/gcc/arm-none-eabi/4.8.3/../../../../arm-none-eabi/lib/armv6-m/libc_s.a(lib_a-isattyr.o)
 .ARM.attributes
                0x000000000000089d       0x2c /Users/Kevin/Documents/adamgreen-gcc4mbed-1f1ebc4/gcc-arm-none-eabi/bin/../lib/gcc/arm-none-eabi/4.8.3/armv6-m/crtend.o
 .ARM.attributes
                0x00000000000008c9       0x1e /Users/Kevin/Documents/adamgreen-gcc4mbed-1f1ebc4/gcc-arm-none-eabi/bin/../lib/gcc/arm-none-eabi/4.8.3/armv6-m/crtn.o

.comment        0x0000000000000000       0x70
 .comment       0x0000000000000000       0x70 KL25Z/gcc4mbed.o
                                         0x71 (size before relaxing)
 .comment       0x0000000000000000       0x71 /Users/Kevin/Documents/adamgreen-gcc4mbed-1f1ebc4/external/mbed/Release/Freescale_KL25Z/mbed.a(cmsis_nvic.o)
 .comment       0x0000000000000000       0x71 /Users/Kevin/Documents/adamgreen-gcc4mbed-1f1ebc4/external/mbed/Release/Freescale_KL25Z/mbed.a(error.o)
 .comment       0x0000000000000000       0x71 /Users/Kevin/Documents/adamgreen-gcc4mbed-1f1ebc4/external/mbed/Release/Freescale_KL25Z/mbed.a(exit.o)
 .comment       0x0000000000000000       0x71 /Users/Kevin/Documents/adamgreen-gcc4mbed-1f1ebc4/external/mbed/Release/Freescale_KL25Z/mbed.a(gpio.o)
 .comment       0x0000000000000000       0x71 /Users/Kevin/Documents/adamgreen-gcc4mbed-1f1ebc4/external/mbed/Release/Freescale_KL25Z/mbed.a(mbed_interface.o)
 .comment       0x0000000000000000       0x71 /Users/Kevin/Documents/adamgreen-gcc4mbed-1f1ebc4/external/mbed/Release/Freescale_KL25Z/mbed.a(semihost_api.o)
 .comment       0x0000000000000000       0x71 /Users/Kevin/Documents/adamgreen-gcc4mbed-1f1ebc4/external/mbed/Release/Freescale_KL25Z/mbed.a(wait_api.o)
 .comment       0x0000000000000000       0x71 /Users/Kevin/Documents/adamgreen-gcc4mbed-1f1ebc4/external/mbed/Release/Freescale_KL25Z/mbed.a(retarget.o)
 .comment       0x0000000000000000       0x71 /Users/Kevin/Documents/adamgreen-gcc4mbed-1f1ebc4/external/mbed/Release/Freescale_KL25Z/mbed.a(gpio_api.o)
 .comment       0x0000000000000000       0x71 /Users/Kevin/Documents/adamgreen-gcc4mbed-1f1ebc4/external/mbed/Release/Freescale_KL25Z/mbed.a(pinmap.o)
 .comment       0x0000000000000000       0x71 /Users/Kevin/Documents/adamgreen-gcc4mbed-1f1ebc4/external/mbed/Release/Freescale_KL25Z/mbed.a(serial_api.o)
 .comment       0x0000000000000000       0x71 /Users/Kevin/Documents/adamgreen-gcc4mbed-1f1ebc4/external/mbed/Release/Freescale_KL25Z/mbed.a(us_ticker.o)
 .comment       0x0000000000000000       0x71 /Users/Kevin/Documents/adamgreen-gcc4mbed-1f1ebc4/external/mbed/Release/Freescale_KL25Z/mbed.a(PeripheralPins.o)
 .comment       0x0000000000000000       0x71 /Users/Kevin/Documents/adamgreen-gcc4mbed-1f1ebc4/external/mbed/Release/Freescale_KL25Z/mbed.a(system_MKL25Z4.o)
 .comment       0x0000000000000000       0x71 /Users/Kevin/Documents/adamgreen-gcc4mbed-1f1ebc4/external/mbed/Release/Freescale_KL25Z/mbed.a(board.o)
 .comment       0x0000000000000000       0x71 /Users/Kevin/Documents/adamgreen-gcc4mbed-1f1ebc4/external/mbed/Release/Freescale_KL25Z/mbed.a(pinmap_common.o)
 .comment       0x0000000000000000       0x71 /Users/Kevin/Documents/adamgreen-gcc4mbed-1f1ebc4/external/mbed/Release/Freescale_KL25Z/mbed.a(us_ticker_api.o)

.debug_info     0x0000000000000000     0xad01
 .debug_info    0x0000000000000000      0x40b KL25Z/gcc4mbed.o
 .debug_info    0x000000000000040b      0x2c4 /Users/Kevin/Documents/adamgreen-gcc4mbed-1f1ebc4/external/mbed/Release/Freescale_KL25Z/mbed.a(cmsis_nvic.o)
 .debug_info    0x00000000000006cf      0x939 /Users/Kevin/Documents/adamgreen-gcc4mbed-1f1ebc4/external/mbed/Release/Freescale_KL25Z/mbed.a(error.o)
 .debug_info    0x0000000000001008      0x907 /Users/Kevin/Documents/adamgreen-gcc4mbed-1f1ebc4/external/mbed/Release/Freescale_KL25Z/mbed.a(exit.o)
 .debug_info    0x000000000000190f      0xd4e /Users/Kevin/Documents/adamgreen-gcc4mbed-1f1ebc4/external/mbed/Release/Freescale_KL25Z/mbed.a(gpio.o)
 .debug_info    0x000000000000265d      0x386 /Users/Kevin/Documents/adamgreen-gcc4mbed-1f1ebc4/external/mbed/Release/Freescale_KL25Z/mbed.a(mbed_interface.o)
 .debug_info    0x00000000000029e3      0x2fd /Users/Kevin/Documents/adamgreen-gcc4mbed-1f1ebc4/external/mbed/Release/Freescale_KL25Z/mbed.a(semihost_api.o)
 .debug_info    0x0000000000002ce0      0x142 /Users/Kevin/Documents/adamgreen-gcc4mbed-1f1ebc4/external/mbed/Release/Freescale_KL25Z/mbed.a(wait_api.o)
 .debug_info    0x0000000000002e22     0x2a03 /Users/Kevin/Documents/adamgreen-gcc4mbed-1f1ebc4/external/mbed/Release/Freescale_KL25Z/mbed.a(retarget.o)
 .debug_info    0x0000000000005825       0xe8 /Users/Kevin/Documents/adamgreen-gcc4mbed-1f1ebc4/external/mbed/Release/Freescale_KL25Z/mbed.a(startup_MKL25Z4.o)
 .debug_info    0x000000000000590d      0x8c5 /Users/Kevin/Documents/adamgreen-gcc4mbed-1f1ebc4/external/mbed/Release/Freescale_KL25Z/mbed.a(gpio_api.o)
 .debug_info    0x00000000000061d2      0x989 /Users/Kevin/Documents/adamgreen-gcc4mbed-1f1ebc4/external/mbed/Release/Freescale_KL25Z/mbed.a(pinmap.o)
 .debug_info    0x0000000000006b5b     0x1773 /Users/Kevin/Documents/adamgreen-gcc4mbed-1f1ebc4/external/mbed/Release/Freescale_KL25Z/mbed.a(serial_api.o)
 .debug_info    0x00000000000082ce      0x9a6 /Users/Kevin/Documents/adamgreen-gcc4mbed-1f1ebc4/external/mbed/Release/Freescale_KL25Z/mbed.a(us_ticker.o)
 .debug_info    0x0000000000008c74      0x91d /Users/Kevin/Documents/adamgreen-gcc4mbed-1f1ebc4/external/mbed/Release/Freescale_KL25Z/mbed.a(PeripheralPins.o)
 .debug_info    0x0000000000009591      0x474 /Users/Kevin/Documents/adamgreen-gcc4mbed-1f1ebc4/external/mbed/Release/Freescale_KL25Z/mbed.a(system_MKL25Z4.o)
 .debug_info    0x0000000000009a05      0x7bf /Users/Kevin/Documents/adamgreen-gcc4mbed-1f1ebc4/external/mbed/Release/Freescale_KL25Z/mbed.a(board.o)
 .debug_info    0x000000000000a1c4      0x87d /Users/Kevin/Documents/adamgreen-gcc4mbed-1f1ebc4/external/mbed/Release/Freescale_KL25Z/mbed.a(pinmap_common.o)
 .debug_info    0x000000000000aa41      0x2c0 /Users/Kevin/Documents/adamgreen-gcc4mbed-1f1ebc4/external/mbed/Release/Freescale_KL25Z/mbed.a(us_ticker_api.o)

.debug_abbrev   0x0000000000000000     0x23bd
 .debug_abbrev  0x0000000000000000      0x18b KL25Z/gcc4mbed.o
 .debug_abbrev  0x000000000000018b      0x146 /Users/Kevin/Documents/adamgreen-gcc4mbed-1f1ebc4/external/mbed/Release/Freescale_KL25Z/mbed.a(cmsis_nvic.o)
 .debug_abbrev  0x00000000000002d1      0x20c /Users/Kevin/Documents/adamgreen-gcc4mbed-1f1ebc4/external/mbed/Release/Freescale_KL25Z/mbed.a(error.o)
 .debug_abbrev  0x00000000000004dd      0x1e5 /Users/Kevin/Documents/adamgreen-gcc4mbed-1f1ebc4/external/mbed/Release/Freescale_KL25Z/mbed.a(exit.o)
 .debug_abbrev  0x00000000000006c2      0x1f0 /Users/Kevin/Documents/adamgreen-gcc4mbed-1f1ebc4/external/mbed/Release/Freescale_KL25Z/mbed.a(gpio.o)
 .debug_abbrev  0x00000000000008b2      0x174 /Users/Kevin/Documents/adamgreen-gcc4mbed-1f1ebc4/external/mbed/Release/Freescale_KL25Z/mbed.a(mbed_interface.o)
 .debug_abbrev  0x0000000000000a26      0x13a /Users/Kevin/Documents/adamgreen-gcc4mbed-1f1ebc4/external/mbed/Release/Freescale_KL25Z/mbed.a(semihost_api.o)
 .debug_abbrev  0x0000000000000b60       0xc1 /Users/Kevin/Documents/adamgreen-gcc4mbed-1f1ebc4/external/mbed/Release/Freescale_KL25Z/mbed.a(wait_api.o)
 .debug_abbrev  0x0000000000000c21      0x70b /Users/Kevin/Documents/adamgreen-gcc4mbed-1f1ebc4/external/mbed/Release/Freescale_KL25Z/mbed.a(retarget.o)
 .debug_abbrev  0x000000000000132c       0x12 /Users/Kevin/Documents/adamgreen-gcc4mbed-1f1ebc4/external/mbed/Release/Freescale_KL25Z/mbed.a(startup_MKL25Z4.o)
 .debug_abbrev  0x000000000000133e      0x1c0 /Users/Kevin/Documents/adamgreen-gcc4mbed-1f1ebc4/external/mbed/Release/Freescale_KL25Z/mbed.a(gpio_api.o)
 .debug_abbrev  0x00000000000014fe      0x14d /Users/Kevin/Documents/adamgreen-gcc4mbed-1f1ebc4/external/mbed/Release/Freescale_KL25Z/mbed.a(pinmap.o)
 .debug_abbrev  0x000000000000164b      0x45c /Users/Kevin/Documents/adamgreen-gcc4mbed-1f1ebc4/external/mbed/Release/Freescale_KL25Z/mbed.a(serial_api.o)
 .debug_abbrev  0x0000000000001aa7      0x2d6 /Users/Kevin/Documents/adamgreen-gcc4mbed-1f1ebc4/external/mbed/Release/Freescale_KL25Z/mbed.a(us_ticker.o)
 .debug_abbrev  0x0000000000001d7d       0xaa /Users/Kevin/Documents/adamgreen-gcc4mbed-1f1ebc4/external/mbed/Release/Freescale_KL25Z/mbed.a(PeripheralPins.o)
 .debug_abbrev  0x0000000000001e27      0x109 /Users/Kevin/Documents/adamgreen-gcc4mbed-1f1ebc4/external/mbed/Release/Freescale_KL25Z/mbed.a(system_MKL25Z4.o)
 .debug_abbrev  0x0000000000001f30      0x17f /Users/Kevin/Documents/adamgreen-gcc4mbed-1f1ebc4/external/mbed/Release/Freescale_KL25Z/mbed.a(board.o)
 .debug_abbrev  0x00000000000020af      0x191 /Users/Kevin/Documents/adamgreen-gcc4mbed-1f1ebc4/external/mbed/Release/Freescale_KL25Z/mbed.a(pinmap_common.o)
 .debug_abbrev  0x0000000000002240      0x17d /Users/Kevin/Documents/adamgreen-gcc4mbed-1f1ebc4/external/mbed/Release/Freescale_KL25Z/mbed.a(us_ticker_api.o)

.debug_loc      0x0000000000000000     0x261b
 .debug_loc     0x0000000000000000      0x191 KL25Z/gcc4mbed.o
 .debug_loc     0x0000000000000191       0x6b /Users/Kevin/Documents/adamgreen-gcc4mbed-1f1ebc4/external/mbed/Release/Freescale_KL25Z/mbed.a(cmsis_nvic.o)
 .debug_loc     0x00000000000001fc       0x1e /Users/Kevin/Documents/adamgreen-gcc4mbed-1f1ebc4/external/mbed/Release/Freescale_KL25Z/mbed.a(exit.o)
 .debug_loc     0x000000000000021a      0x62a /Users/Kevin/Documents/adamgreen-gcc4mbed-1f1ebc4/external/mbed/Release/Freescale_KL25Z/mbed.a(gpio.o)
 .debug_loc     0x0000000000000844      0x105 /Users/Kevin/Documents/adamgreen-gcc4mbed-1f1ebc4/external/mbed/Release/Freescale_KL25Z/mbed.a(mbed_interface.o)
 .debug_loc     0x0000000000000949      0x135 /Users/Kevin/Documents/adamgreen-gcc4mbed-1f1ebc4/external/mbed/Release/Freescale_KL25Z/mbed.a(semihost_api.o)
 .debug_loc     0x0000000000000a7e       0x83 /Users/Kevin/Documents/adamgreen-gcc4mbed-1f1ebc4/external/mbed/Release/Freescale_KL25Z/mbed.a(wait_api.o)
 .debug_loc     0x0000000000000b01      0xa90 /Users/Kevin/Documents/adamgreen-gcc4mbed-1f1ebc4/external/mbed/Release/Freescale_KL25Z/mbed.a(retarget.o)
 .debug_loc     0x0000000000001591      0x11f /Users/Kevin/Documents/adamgreen-gcc4mbed-1f1ebc4/external/mbed/Release/Freescale_KL25Z/mbed.a(gpio_api.o)
 .debug_loc     0x00000000000016b0      0x13a /Users/Kevin/Documents/adamgreen-gcc4mbed-1f1ebc4/external/mbed/Release/Freescale_KL25Z/mbed.a(pinmap.o)
 .debug_loc     0x00000000000017ea      0x7e7 /Users/Kevin/Documents/adamgreen-gcc4mbed-1f1ebc4/external/mbed/Release/Freescale_KL25Z/mbed.a(serial_api.o)
 .debug_loc     0x0000000000001fd1      0x203 /Users/Kevin/Documents/adamgreen-gcc4mbed-1f1ebc4/external/mbed/Release/Freescale_KL25Z/mbed.a(us_ticker.o)
 .debug_loc     0x00000000000021d4       0xb0 /Users/Kevin/Documents/adamgreen-gcc4mbed-1f1ebc4/external/mbed/Release/Freescale_KL25Z/mbed.a(system_MKL25Z4.o)
 .debug_loc     0x0000000000002284      0x1a3 /Users/Kevin/Documents/adamgreen-gcc4mbed-1f1ebc4/external/mbed/Release/Freescale_KL25Z/mbed.a(pinmap_common.o)
 .debug_loc     0x0000000000002427      0x1f4 /Users/Kevin/Documents/adamgreen-gcc4mbed-1f1ebc4/external/mbed/Release/Freescale_KL25Z/mbed.a(us_ticker_api.o)

.debug_aranges  0x0000000000000000      0x528
 .debug_aranges
                0x0000000000000000       0x68 KL25Z/gcc4mbed.o
 .debug_aranges
                0x0000000000000068       0x28 /Users/Kevin/Documents/adamgreen-gcc4mbed-1f1ebc4/external/mbed/Release/Freescale_KL25Z/mbed.a(cmsis_nvic.o)
 .debug_aranges
                0x0000000000000090       0x20 /Users/Kevin/Documents/adamgreen-gcc4mbed-1f1ebc4/external/mbed/Release/Freescale_KL25Z/mbed.a(error.o)
 .debug_aranges
                0x00000000000000b0       0x20 /Users/Kevin/Documents/adamgreen-gcc4mbed-1f1ebc4/external/mbed/Release/Freescale_KL25Z/mbed.a(exit.o)
 .debug_aranges
                0x00000000000000d0       0x40 /Users/Kevin/Documents/adamgreen-gcc4mbed-1f1ebc4/external/mbed/Release/Freescale_KL25Z/mbed.a(gpio.o)
 .debug_aranges
                0x0000000000000110       0x58 /Users/Kevin/Documents/adamgreen-gcc4mbed-1f1ebc4/external/mbed/Release/Freescale_KL25Z/mbed.a(mbed_interface.o)
 .debug_aranges
                0x0000000000000168       0x50 /Users/Kevin/Documents/adamgreen-gcc4mbed-1f1ebc4/external/mbed/Release/Freescale_KL25Z/mbed.a(semihost_api.o)
 .debug_aranges
                0x00000000000001b8       0x30 /Users/Kevin/Documents/adamgreen-gcc4mbed-1f1ebc4/external/mbed/Release/Freescale_KL25Z/mbed.a(wait_api.o)
 .debug_aranges
                0x00000000000001e8       0xf8 /Users/Kevin/Documents/adamgreen-gcc4mbed-1f1ebc4/external/mbed/Release/Freescale_KL25Z/mbed.a(retarget.o)
 .debug_aranges
                0x00000000000002e0       0x28 /Users/Kevin/Documents/adamgreen-gcc4mbed-1f1ebc4/external/mbed/Release/Freescale_KL25Z/mbed.a(startup_MKL25Z4.o)
 .debug_aranges
                0x0000000000000308       0x38 /Users/Kevin/Documents/adamgreen-gcc4mbed-1f1ebc4/external/mbed/Release/Freescale_KL25Z/mbed.a(gpio_api.o)
 .debug_aranges
                0x0000000000000340       0x28 /Users/Kevin/Documents/adamgreen-gcc4mbed-1f1ebc4/external/mbed/Release/Freescale_KL25Z/mbed.a(pinmap.o)
 .debug_aranges
                0x0000000000000368       0xa8 /Users/Kevin/Documents/adamgreen-gcc4mbed-1f1ebc4/external/mbed/Release/Freescale_KL25Z/mbed.a(serial_api.o)
 .debug_aranges
                0x0000000000000410       0x48 /Users/Kevin/Documents/adamgreen-gcc4mbed-1f1ebc4/external/mbed/Release/Freescale_KL25Z/mbed.a(us_ticker.o)
 .debug_aranges
                0x0000000000000458       0x18 /Users/Kevin/Documents/adamgreen-gcc4mbed-1f1ebc4/external/mbed/Release/Freescale_KL25Z/mbed.a(PeripheralPins.o)
 .debug_aranges
                0x0000000000000470       0x28 /Users/Kevin/Documents/adamgreen-gcc4mbed-1f1ebc4/external/mbed/Release/Freescale_KL25Z/mbed.a(system_MKL25Z4.o)
 .debug_aranges
                0x0000000000000498       0x20 /Users/Kevin/Documents/adamgreen-gcc4mbed-1f1ebc4/external/mbed/Release/Freescale_KL25Z/mbed.a(board.o)
 .debug_aranges
                0x00000000000004b8       0x38 /Users/Kevin/Documents/adamgreen-gcc4mbed-1f1ebc4/external/mbed/Release/Freescale_KL25Z/mbed.a(pinmap_common.o)
 .debug_aranges
                0x00000000000004f0       0x38 /Users/Kevin/Documents/adamgreen-gcc4mbed-1f1ebc4/external/mbed/Release/Freescale_KL25Z/mbed.a(us_ticker_api.o)

.debug_ranges   0x0000000000000000      0x890
 .debug_ranges  0x0000000000000000       0x58 KL25Z/gcc4mbed.o
 .debug_ranges  0x0000000000000058       0x18 /Users/Kevin/Documents/adamgreen-gcc4mbed-1f1ebc4/external/mbed/Release/Freescale_KL25Z/mbed.a(cmsis_nvic.o)
 .debug_ranges  0x0000000000000070       0x10 /Users/Kevin/Documents/adamgreen-gcc4mbed-1f1ebc4/external/mbed/Release/Freescale_KL25Z/mbed.a(error.o)
 .debug_ranges  0x0000000000000080       0x10 /Users/Kevin/Documents/adamgreen-gcc4mbed-1f1ebc4/external/mbed/Release/Freescale_KL25Z/mbed.a(exit.o)
 .debug_ranges  0x0000000000000090       0xc0 /Users/Kevin/Documents/adamgreen-gcc4mbed-1f1ebc4/external/mbed/Release/Freescale_KL25Z/mbed.a(gpio.o)
 .debug_ranges  0x0000000000000150       0x48 /Users/Kevin/Documents/adamgreen-gcc4mbed-1f1ebc4/external/mbed/Release/Freescale_KL25Z/mbed.a(mbed_interface.o)
 .debug_ranges  0x0000000000000198       0x70 /Users/Kevin/Documents/adamgreen-gcc4mbed-1f1ebc4/external/mbed/Release/Freescale_KL25Z/mbed.a(semihost_api.o)
 .debug_ranges  0x0000000000000208       0x20 /Users/Kevin/Documents/adamgreen-gcc4mbed-1f1ebc4/external/mbed/Release/Freescale_KL25Z/mbed.a(wait_api.o)
 .debug_ranges  0x0000000000000228      0x2a8 /Users/Kevin/Documents/adamgreen-gcc4mbed-1f1ebc4/external/mbed/Release/Freescale_KL25Z/mbed.a(retarget.o)
 .debug_ranges  0x00000000000004d0       0x20 /Users/Kevin/Documents/adamgreen-gcc4mbed-1f1ebc4/external/mbed/Release/Freescale_KL25Z/mbed.a(startup_MKL25Z4.o)
 .debug_ranges  0x00000000000004f0       0x28 /Users/Kevin/Documents/adamgreen-gcc4mbed-1f1ebc4/external/mbed/Release/Freescale_KL25Z/mbed.a(gpio_api.o)
 .debug_ranges  0x0000000000000518       0x18 /Users/Kevin/Documents/adamgreen-gcc4mbed-1f1ebc4/external/mbed/Release/Freescale_KL25Z/mbed.a(pinmap.o)
 .debug_ranges  0x0000000000000530      0x178 /Users/Kevin/Documents/adamgreen-gcc4mbed-1f1ebc4/external/mbed/Release/Freescale_KL25Z/mbed.a(serial_api.o)
 .debug_ranges  0x00000000000006a8       0xf0 /Users/Kevin/Documents/adamgreen-gcc4mbed-1f1ebc4/external/mbed/Release/Freescale_KL25Z/mbed.a(us_ticker.o)
 .debug_ranges  0x0000000000000798       0x18 /Users/Kevin/Documents/adamgreen-gcc4mbed-1f1ebc4/external/mbed/Release/Freescale_KL25Z/mbed.a(system_MKL25Z4.o)
 .debug_ranges  0x00000000000007b0       0x40 /Users/Kevin/Documents/adamgreen-gcc4mbed-1f1ebc4/external/mbed/Release/Freescale_KL25Z/mbed.a(board.o)
 .debug_ranges  0x00000000000007f0       0x40 /Users/Kevin/Documents/adamgreen-gcc4mbed-1f1ebc4/external/mbed/Release/Freescale_KL25Z/mbed.a(pinmap_common.o)
 .debug_ranges  0x0000000000000830       0x60 /Users/Kevin/Documents/adamgreen-gcc4mbed-1f1ebc4/external/mbed/Release/Freescale_KL25Z/mbed.a(us_ticker_api.o)

.debug_macro    0x0000000000000000     0x348a
 .debug_macro   0x0000000000000000      0x170 KL25Z/gcc4mbed.o
 .debug_macro   0x0000000000000170      0x862 KL25Z/gcc4mbed.o
 .debug_macro   0x00000000000009d2       0xa3 KL25Z/gcc4mbed.o
 .debug_macro   0x0000000000000a75      0x166 KL25Z/gcc4mbed.o
 .debug_macro   0x0000000000000bdb       0x4a KL25Z/gcc4mbed.o
 .debug_macro   0x0000000000000c25       0x43 KL25Z/gcc4mbed.o
 .debug_macro   0x0000000000000c68      0x2a6 KL25Z/gcc4mbed.o
 .debug_macro   0x0000000000000f0e       0x35 KL25Z/gcc4mbed.o
 .debug_macro   0x0000000000000f43      0x20f KL25Z/gcc4mbed.o
 .debug_macro   0x0000000000001152       0x52 KL25Z/gcc4mbed.o
 .debug_macro   0x00000000000011a4      0x250 KL25Z/gcc4mbed.o
 .debug_macro   0x00000000000013f4       0x9f /Users/Kevin/Documents/adamgreen-gcc4mbed-1f1ebc4/external/mbed/Release/Freescale_KL25Z/mbed.a(cmsis_nvic.o)
 .debug_macro   0x0000000000001493      0x1d2 /Users/Kevin/Documents/adamgreen-gcc4mbed-1f1ebc4/external/mbed/Release/Freescale_KL25Z/mbed.a(error.o)
 .debug_macro   0x0000000000001665      0x10e /Users/Kevin/Documents/adamgreen-gcc4mbed-1f1ebc4/external/mbed/Release/Freescale_KL25Z/mbed.a(error.o)
 .debug_macro   0x0000000000001773       0x7f /Users/Kevin/Documents/adamgreen-gcc4mbed-1f1ebc4/external/mbed/Release/Freescale_KL25Z/mbed.a(error.o)
 .debug_macro   0x00000000000017f2       0x58 /Users/Kevin/Documents/adamgreen-gcc4mbed-1f1ebc4/external/mbed/Release/Freescale_KL25Z/mbed.a(error.o)
 .debug_macro   0x000000000000184a       0x16 /Users/Kevin/Documents/adamgreen-gcc4mbed-1f1ebc4/external/mbed/Release/Freescale_KL25Z/mbed.a(error.o)
 .debug_macro   0x0000000000001860      0x1be /Users/Kevin/Documents/adamgreen-gcc4mbed-1f1ebc4/external/mbed/Release/Freescale_KL25Z/mbed.a(exit.o)
 .debug_macro   0x0000000000001a1e       0x16 /Users/Kevin/Documents/adamgreen-gcc4mbed-1f1ebc4/external/mbed/Release/Freescale_KL25Z/mbed.a(exit.o)
 .debug_macro   0x0000000000001a34       0x16 /Users/Kevin/Documents/adamgreen-gcc4mbed-1f1ebc4/external/mbed/Release/Freescale_KL25Z/mbed.a(exit.o)
 .debug_macro   0x0000000000001a4a       0x97 /Users/Kevin/Documents/adamgreen-gcc4mbed-1f1ebc4/external/mbed/Release/Freescale_KL25Z/mbed.a(exit.o)
 .debug_macro   0x0000000000001ae1       0xef /Users/Kevin/Documents/adamgreen-gcc4mbed-1f1ebc4/external/mbed/Release/Freescale_KL25Z/mbed.a(exit.o)
 .debug_macro   0x0000000000001bd0       0xdf /Users/Kevin/Documents/adamgreen-gcc4mbed-1f1ebc4/external/mbed/Release/Freescale_KL25Z/mbed.a(gpio.o)
 .debug_macro   0x0000000000001caf      0x1da /Users/Kevin/Documents/adamgreen-gcc4mbed-1f1ebc4/external/mbed/Release/Freescale_KL25Z/mbed.a(mbed_interface.o)
 .debug_macro   0x0000000000001e89       0x34 /Users/Kevin/Documents/adamgreen-gcc4mbed-1f1ebc4/external/mbed/Release/Freescale_KL25Z/mbed.a(mbed_interface.o)
 .debug_macro   0x0000000000001ebd      0x206 /Users/Kevin/Documents/adamgreen-gcc4mbed-1f1ebc4/external/mbed/Release/Freescale_KL25Z/mbed.a(semihost_api.o)
 .debug_macro   0x00000000000020c3       0x56 /Users/Kevin/Documents/adamgreen-gcc4mbed-1f1ebc4/external/mbed/Release/Freescale_KL25Z/mbed.a(wait_api.o)
 .debug_macro   0x0000000000002119      0x348 /Users/Kevin/Documents/adamgreen-gcc4mbed-1f1ebc4/external/mbed/Release/Freescale_KL25Z/mbed.a(retarget.o)
 .debug_macro   0x0000000000002461      0x120 /Users/Kevin/Documents/adamgreen-gcc4mbed-1f1ebc4/external/mbed/Release/Freescale_KL25Z/mbed.a(retarget.o)
 .debug_macro   0x0000000000002581       0x16 /Users/Kevin/Documents/adamgreen-gcc4mbed-1f1ebc4/external/mbed/Release/Freescale_KL25Z/mbed.a(retarget.o)
 .debug_macro   0x0000000000002597      0x48e /Users/Kevin/Documents/adamgreen-gcc4mbed-1f1ebc4/external/mbed/Release/Freescale_KL25Z/mbed.a(retarget.o)
 .debug_macro   0x0000000000002a25       0xe9 /Users/Kevin/Documents/adamgreen-gcc4mbed-1f1ebc4/external/mbed/Release/Freescale_KL25Z/mbed.a(gpio_api.o)
 .debug_macro   0x0000000000002b0e       0xb6 /Users/Kevin/Documents/adamgreen-gcc4mbed-1f1ebc4/external/mbed/Release/Freescale_KL25Z/mbed.a(pinmap.o)
 .debug_macro   0x0000000000002bc4      0x1c3 /Users/Kevin/Documents/adamgreen-gcc4mbed-1f1ebc4/external/mbed/Release/Freescale_KL25Z/mbed.a(serial_api.o)
 .debug_macro   0x0000000000002d87      0x1e1 /Users/Kevin/Documents/adamgreen-gcc4mbed-1f1ebc4/external/mbed/Release/Freescale_KL25Z/mbed.a(serial_api.o)
 .debug_macro   0x0000000000002f68       0xdc /Users/Kevin/Documents/adamgreen-gcc4mbed-1f1ebc4/external/mbed/Release/Freescale_KL25Z/mbed.a(us_ticker.o)
 .debug_macro   0x0000000000003044       0x8e /Users/Kevin/Documents/adamgreen-gcc4mbed-1f1ebc4/external/mbed/Release/Freescale_KL25Z/mbed.a(us_ticker.o)
 .debug_macro   0x00000000000030d2       0xc0 /Users/Kevin/Documents/adamgreen-gcc4mbed-1f1ebc4/external/mbed/Release/Freescale_KL25Z/mbed.a(PeripheralPins.o)
 .debug_macro   0x0000000000003192       0xa0 /Users/Kevin/Documents/adamgreen-gcc4mbed-1f1ebc4/external/mbed/Release/Freescale_KL25Z/mbed.a(system_MKL25Z4.o)
 .debug_macro   0x0000000000003232       0xfb /Users/Kevin/Documents/adamgreen-gcc4mbed-1f1ebc4/external/mbed/Release/Freescale_KL25Z/mbed.a(board.o)
 .debug_macro   0x000000000000332d       0xb7 /Users/Kevin/Documents/adamgreen-gcc4mbed-1f1ebc4/external/mbed/Release/Freescale_KL25Z/mbed.a(pinmap_common.o)
 .debug_macro   0x00000000000033e4       0xa6 /Users/Kevin/Documents/adamgreen-gcc4mbed-1f1ebc4/external/mbed/Release/Freescale_KL25Z/mbed.a(us_ticker_api.o)

.debug_line     0x0000000000000000     0x5f26
 .debug_line    0x0000000000000000      0x593 KL25Z/gcc4mbed.o
 .debug_line    0x0000000000000593      0x31c /Users/Kevin/Documents/adamgreen-gcc4mbed-1f1ebc4/external/mbed/Release/Freescale_KL25Z/mbed.a(cmsis_nvic.o)
 .debug_line    0x00000000000008af      0x549 /Users/Kevin/Documents/adamgreen-gcc4mbed-1f1ebc4/external/mbed/Release/Freescale_KL25Z/mbed.a(error.o)
 .debug_line    0x0000000000000df8      0x52f /Users/Kevin/Documents/adamgreen-gcc4mbed-1f1ebc4/external/mbed/Release/Freescale_KL25Z/mbed.a(exit.o)
 .debug_line    0x0000000000001327      0x52d /Users/Kevin/Documents/adamgreen-gcc4mbed-1f1ebc4/external/mbed/Release/Freescale_KL25Z/mbed.a(gpio.o)
 .debug_line    0x0000000000001854      0x64e /Users/Kevin/Documents/adamgreen-gcc4mbed-1f1ebc4/external/mbed/Release/Freescale_KL25Z/mbed.a(mbed_interface.o)
 .debug_line    0x0000000000001ea2      0x642 /Users/Kevin/Documents/adamgreen-gcc4mbed-1f1ebc4/external/mbed/Release/Freescale_KL25Z/mbed.a(semihost_api.o)
 .debug_line    0x00000000000024e4      0x2b9 /Users/Kevin/Documents/adamgreen-gcc4mbed-1f1ebc4/external/mbed/Release/Freescale_KL25Z/mbed.a(wait_api.o)
 .debug_line    0x000000000000279d      0xb18 /Users/Kevin/Documents/adamgreen-gcc4mbed-1f1ebc4/external/mbed/Release/Freescale_KL25Z/mbed.a(retarget.o)
 .debug_line    0x00000000000032b5       0xdb /Users/Kevin/Documents/adamgreen-gcc4mbed-1f1ebc4/external/mbed/Release/Freescale_KL25Z/mbed.a(startup_MKL25Z4.o)
 .debug_line    0x0000000000003390      0x4bf /Users/Kevin/Documents/adamgreen-gcc4mbed-1f1ebc4/external/mbed/Release/Freescale_KL25Z/mbed.a(gpio_api.o)
 .debug_line    0x000000000000384f      0x42f /Users/Kevin/Documents/adamgreen-gcc4mbed-1f1ebc4/external/mbed/Release/Freescale_KL25Z/mbed.a(pinmap.o)
 .debug_line    0x0000000000003c7e      0x85c /Users/Kevin/Documents/adamgreen-gcc4mbed-1f1ebc4/external/mbed/Release/Freescale_KL25Z/mbed.a(serial_api.o)
 .debug_line    0x00000000000044da      0x591 /Users/Kevin/Documents/adamgreen-gcc4mbed-1f1ebc4/external/mbed/Release/Freescale_KL25Z/mbed.a(us_ticker.o)
 .debug_line    0x0000000000004a6b      0x3f9 /Users/Kevin/Documents/adamgreen-gcc4mbed-1f1ebc4/external/mbed/Release/Freescale_KL25Z/mbed.a(PeripheralPins.o)
 .debug_line    0x0000000000004e64      0x366 /Users/Kevin/Documents/adamgreen-gcc4mbed-1f1ebc4/external/mbed/Release/Freescale_KL25Z/mbed.a(system_MKL25Z4.o)
 .debug_line    0x00000000000051ca      0x507 /Users/Kevin/Documents/adamgreen-gcc4mbed-1f1ebc4/external/mbed/Release/Freescale_KL25Z/mbed.a(board.o)
 .debug_line    0x00000000000056d1      0x44c /Users/Kevin/Documents/adamgreen-gcc4mbed-1f1ebc4/external/mbed/Release/Freescale_KL25Z/mbed.a(pinmap_common.o)
 .debug_line    0x0000000000005b1d      0x409 /Users/Kevin/Documents/adamgreen-gcc4mbed-1f1ebc4/external/mbed/Release/Freescale_KL25Z/mbed.a(us_ticker_api.o)

.debug_str      0x0000000000000000    0x1f1c8
 .debug_str     0x0000000000000000    0x186fd KL25Z/gcc4mbed.o
                                      0x18a40 (size before relaxing)
 .debug_str     0x00000000000186fd      0x30f /Users/Kevin/Documents/adamgreen-gcc4mbed-1f1ebc4/external/mbed/Release/Freescale_KL25Z/mbed.a(cmsis_nvic.o)
                                      0x15c03 (size before relaxing)
 .debug_str     0x0000000000018a0c     0x1139 /Users/Kevin/Documents/adamgreen-gcc4mbed-1f1ebc4/external/mbed/Release/Freescale_KL25Z/mbed.a(error.o)
                                      0x1848f (size before relaxing)
 .debug_str     0x0000000000019b45      0x258 /Users/Kevin/Documents/adamgreen-gcc4mbed-1f1ebc4/external/mbed/Release/Freescale_KL25Z/mbed.a(exit.o)
                                      0x1847b (size before relaxing)
 .debug_str     0x0000000000019d9d      0x4b2 /Users/Kevin/Documents/adamgreen-gcc4mbed-1f1ebc4/external/mbed/Release/Freescale_KL25Z/mbed.a(gpio.o)
                                      0x1628a (size before relaxing)
 .debug_str     0x000000000001a24f      0x11d /Users/Kevin/Documents/adamgreen-gcc4mbed-1f1ebc4/external/mbed/Release/Freescale_KL25Z/mbed.a(mbed_interface.o)
                                      0x181a3 (size before relaxing)
 .debug_str     0x000000000001a36c      0x267 /Users/Kevin/Documents/adamgreen-gcc4mbed-1f1ebc4/external/mbed/Release/Freescale_KL25Z/mbed.a(semihost_api.o)
                                      0x185c0 (size before relaxing)
 .debug_str     0x000000000001a5d3       0x75 /Users/Kevin/Documents/adamgreen-gcc4mbed-1f1ebc4/external/mbed/Release/Freescale_KL25Z/mbed.a(wait_api.o)
                                       0x2f35 (size before relaxing)
 .debug_str     0x000000000001a648     0x358a /Users/Kevin/Documents/adamgreen-gcc4mbed-1f1ebc4/external/mbed/Release/Freescale_KL25Z/mbed.a(retarget.o)
                                      0x1ceba (size before relaxing)
 .debug_str     0x000000000001dbd2       0xb3 /Users/Kevin/Documents/adamgreen-gcc4mbed-1f1ebc4/external/mbed/Release/Freescale_KL25Z/mbed.a(gpio_api.o)
                                      0x1628d (size before relaxing)
 .debug_str     0x000000000001dc85      0x15b /Users/Kevin/Documents/adamgreen-gcc4mbed-1f1ebc4/external/mbed/Release/Freescale_KL25Z/mbed.a(pinmap.o)
                                      0x15f3a (size before relaxing)
 .debug_str     0x000000000001dde0      0xdc6 /Users/Kevin/Documents/adamgreen-gcc4mbed-1f1ebc4/external/mbed/Release/Freescale_KL25Z/mbed.a(serial_api.o)
                                      0x197e0 (size before relaxing)
 .debug_str     0x000000000001eba6      0x18b /Users/Kevin/Documents/adamgreen-gcc4mbed-1f1ebc4/external/mbed/Release/Freescale_KL25Z/mbed.a(us_ticker.o)
                                      0x16390 (size before relaxing)
 .debug_str     0x000000000001ed31      0x1ff /Users/Kevin/Documents/adamgreen-gcc4mbed-1f1ebc4/external/mbed/Release/Freescale_KL25Z/mbed.a(PeripheralPins.o)
                                      0x16191 (size before relaxing)
 .debug_str     0x000000000001ef30      0x137 /Users/Kevin/Documents/adamgreen-gcc4mbed-1f1ebc4/external/mbed/Release/Freescale_KL25Z/mbed.a(system_MKL25Z4.o)
                                      0x15b42 (size before relaxing)
 .debug_str     0x000000000001f067       0x48 /Users/Kevin/Documents/adamgreen-gcc4mbed-1f1ebc4/external/mbed/Release/Freescale_KL25Z/mbed.a(board.o)
                                      0x163dd (size before relaxing)
 .debug_str     0x000000000001f0af       0x51 /Users/Kevin/Documents/adamgreen-gcc4mbed-1f1ebc4/external/mbed/Release/Freescale_KL25Z/mbed.a(pinmap_common.o)
                                      0x15e46 (size before relaxing)
 .debug_str     0x000000000001f100       0xc8 /Users/Kevin/Documents/adamgreen-gcc4mbed-1f1ebc4/external/mbed/Release/Freescale_KL25Z/mbed.a(us_ticker_api.o)
                                      0x15daf (size before relaxing)

.debug_frame    0x0000000000000000     0x1234
 .debug_frame   0x0000000000000000       0xf8 KL25Z/gcc4mbed.o
 .debug_frame   0x00000000000000f8       0x3c /Users/Kevin/Documents/adamgreen-gcc4mbed-1f1ebc4/external/mbed/Release/Freescale_KL25Z/mbed.a(cmsis_nvic.o)
 .debug_frame   0x0000000000000134       0x2c /Users/Kevin/Documents/adamgreen-gcc4mbed-1f1ebc4/external/mbed/Release/Freescale_KL25Z/mbed.a(error.o)
 .debug_frame   0x0000000000000160       0x2c /Users/Kevin/Documents/adamgreen-gcc4mbed-1f1ebc4/external/mbed/Release/Freescale_KL25Z/mbed.a(exit.o)
 .debug_frame   0x000000000000018c       0x9c /Users/Kevin/Documents/adamgreen-gcc4mbed-1f1ebc4/external/mbed/Release/Freescale_KL25Z/mbed.a(gpio.o)
 .debug_frame   0x0000000000000228       0xd8 /Users/Kevin/Documents/adamgreen-gcc4mbed-1f1ebc4/external/mbed/Release/Freescale_KL25Z/mbed.a(mbed_interface.o)
 .debug_frame   0x0000000000000300       0xc8 /Users/Kevin/Documents/adamgreen-gcc4mbed-1f1ebc4/external/mbed/Release/Freescale_KL25Z/mbed.a(semihost_api.o)
 .debug_frame   0x00000000000003c8       0x5c /Users/Kevin/Documents/adamgreen-gcc4mbed-1f1ebc4/external/mbed/Release/Freescale_KL25Z/mbed.a(wait_api.o)
 .debug_frame   0x0000000000000424      0x2bc /Users/Kevin/Documents/adamgreen-gcc4mbed-1f1ebc4/external/mbed/Release/Freescale_KL25Z/mbed.a(retarget.o)
 .debug_frame   0x00000000000006e0       0x6c /Users/Kevin/Documents/adamgreen-gcc4mbed-1f1ebc4/external/mbed/Release/Freescale_KL25Z/mbed.a(gpio_api.o)
 .debug_frame   0x000000000000074c       0x40 /Users/Kevin/Documents/adamgreen-gcc4mbed-1f1ebc4/external/mbed/Release/Freescale_KL25Z/mbed.a(pinmap.o)
 .debug_frame   0x000000000000078c      0x1c8 /Users/Kevin/Documents/adamgreen-gcc4mbed-1f1ebc4/external/mbed/Release/Freescale_KL25Z/mbed.a(serial_api.o)
 .debug_frame   0x0000000000000954       0xa0 /Users/Kevin/Documents/adamgreen-gcc4mbed-1f1ebc4/external/mbed/Release/Freescale_KL25Z/mbed.a(us_ticker.o)
 .debug_frame   0x00000000000009f4       0x44 /Users/Kevin/Documents/adamgreen-gcc4mbed-1f1ebc4/external/mbed/Release/Freescale_KL25Z/mbed.a(system_MKL25Z4.o)
 .debug_frame   0x0000000000000a38       0x28 /Users/Kevin/Documents/adamgreen-gcc4mbed-1f1ebc4/external/mbed/Release/Freescale_KL25Z/mbed.a(board.o)
 .debug_frame   0x0000000000000a60       0x68 /Users/Kevin/Documents/adamgreen-gcc4mbed-1f1ebc4/external/mbed/Release/Freescale_KL25Z/mbed.a(pinmap_common.o)
 .debug_frame   0x0000000000000ac8       0x78 /Users/Kevin/Documents/adamgreen-gcc4mbed-1f1ebc4/external/mbed/Release/Freescale_KL25Z/mbed.a(us_ticker_api.o)
 .debug_frame   0x0000000000000b40       0x20 /Users/Kevin/Documents/adamgreen-gcc4mbed-1f1ebc4/gcc-arm-none-eabi/bin/../lib/gcc/arm-none-eabi/4.8.3/armv6-m/libgcc.a(_udivsi3.o)
 .debug_frame   0x0000000000000b60       0x20 /Users/Kevin/Documents/adamgreen-gcc4mbed-1f1ebc4/gcc-arm-none-eabi/bin/../lib/gcc/arm-none-eabi/4.8.3/../../../../arm-none-eabi/lib/armv6-m/libc_s.a(lib_a-errno.o)
 .debug_frame   0x0000000000000b80       0x68 /Users/Kevin/Documents/adamgreen-gcc4mbed-1f1ebc4/gcc-arm-none-eabi/bin/../lib/gcc/arm-none-eabi/4.8.3/../../../../arm-none-eabi/lib/armv6-m/libc_s.a(lib_a-fflush.o)
 .debug_frame   0x0000000000000be8      0x148 /Users/Kevin/Documents/adamgreen-gcc4mbed-1f1ebc4/gcc-arm-none-eabi/bin/../lib/gcc/arm-none-eabi/4.8.3/../../../../arm-none-eabi/lib/armv6-m/libc_s.a(lib_a-findfp.o)
 .debug_frame   0x0000000000000d30       0x58 /Users/Kevin/Documents/adamgreen-gcc4mbed-1f1ebc4/gcc-arm-none-eabi/bin/../lib/gcc/arm-none-eabi/4.8.3/../../../../arm-none-eabi/lib/armv6-m/libc_s.a(lib_a-fwalk.o)
 .debug_frame   0x0000000000000d88       0x2c /Users/Kevin/Documents/adamgreen-gcc4mbed-1f1ebc4/gcc-arm-none-eabi/bin/../lib/gcc/arm-none-eabi/4.8.3/../../../../arm-none-eabi/lib/armv6-m/libc_s.a(lib_a-init.o)
 .debug_frame   0x0000000000000db4       0x28 /Users/Kevin/Documents/adamgreen-gcc4mbed-1f1ebc4/gcc-arm-none-eabi/bin/../lib/gcc/arm-none-eabi/4.8.3/../../../../arm-none-eabi/lib/armv6-m/libc_s.a(lib_a-memcpy-stub.o)
 .debug_frame   0x0000000000000ddc       0x20 /Users/Kevin/Documents/adamgreen-gcc4mbed-1f1ebc4/gcc-arm-none-eabi/bin/../lib/gcc/arm-none-eabi/4.8.3/../../../../arm-none-eabi/lib/armv6-m/libc_s.a(lib_a-memset.o)
 .debug_frame   0x0000000000000dfc       0x2c /Users/Kevin/Documents/adamgreen-gcc4mbed-1f1ebc4/gcc-arm-none-eabi/bin/../lib/gcc/arm-none-eabi/4.8.3/../../../../arm-none-eabi/lib/armv6-m/libc_s.a(lib_a-nano-freer.o)
 .debug_frame   0x0000000000000e28       0x2c /Users/Kevin/Documents/adamgreen-gcc4mbed-1f1ebc4/gcc-arm-none-eabi/bin/../lib/gcc/arm-none-eabi/4.8.3/../../../../arm-none-eabi/lib/armv6-m/libc_s.a(lib_a-nano-mallocr.o)
 .debug_frame   0x0000000000000e54       0x48 /Users/Kevin/Documents/adamgreen-gcc4mbed-1f1ebc4/gcc-arm-none-eabi/bin/../lib/gcc/arm-none-eabi/4.8.3/../../../../arm-none-eabi/lib/armv6-m/libc_s.a(lib_a-reent.o)
 .debug_frame   0x0000000000000e9c       0x2c /Users/Kevin/Documents/adamgreen-gcc4mbed-1f1ebc4/gcc-arm-none-eabi/bin/../lib/gcc/arm-none-eabi/4.8.3/../../../../arm-none-eabi/lib/armv6-m/libc_s.a(lib_a-sbrkr.o)
 .debug_frame   0x0000000000000ec8       0x90 /Users/Kevin/Documents/adamgreen-gcc4mbed-1f1ebc4/gcc-arm-none-eabi/bin/../lib/gcc/arm-none-eabi/4.8.3/../../../../arm-none-eabi/lib/armv6-m/libc_s.a(lib_a-stdio.o)
 .debug_frame   0x0000000000000f58       0x20 /Users/Kevin/Documents/adamgreen-gcc4mbed-1f1ebc4/gcc-arm-none-eabi/bin/../lib/gcc/arm-none-eabi/4.8.3/../../../../arm-none-eabi/lib/armv6-m/libc_s.a(lib_a-strlen.o)
 .debug_frame   0x0000000000000f78       0xa0 /Users/Kevin/Documents/adamgreen-gcc4mbed-1f1ebc4/gcc-arm-none-eabi/bin/../lib/gcc/arm-none-eabi/4.8.3/../../../../arm-none-eabi/lib/armv6-m/libc_s.a(lib_a-vfprintf.o)
 .debug_frame   0x0000000000001018       0x54 /Users/Kevin/Documents/adamgreen-gcc4mbed-1f1ebc4/gcc-arm-none-eabi/bin/../lib/gcc/arm-none-eabi/4.8.3/../../../../arm-none-eabi/lib/armv6-m/libc_s.a(lib_a-vfprintf_i.o)
 .debug_frame   0x000000000000106c       0x44 /Users/Kevin/Documents/adamgreen-gcc4mbed-1f1ebc4/gcc-arm-none-eabi/bin/../lib/gcc/arm-none-eabi/4.8.3/../../../../arm-none-eabi/lib/armv6-m/libc_s.a(lib_a-wbuf.o)
 .debug_frame   0x00000000000010b0       0x2c /Users/Kevin/Documents/adamgreen-gcc4mbed-1f1ebc4/gcc-arm-none-eabi/bin/../lib/gcc/arm-none-eabi/4.8.3/../../../../arm-none-eabi/lib/armv6-m/libc_s.a(lib_a-writer.o)
 .debug_frame   0x00000000000010dc       0x2c /Users/Kevin/Documents/adamgreen-gcc4mbed-1f1ebc4/gcc-arm-none-eabi/bin/../lib/gcc/arm-none-eabi/4.8.3/../../../../arm-none-eabi/lib/armv6-m/libc_s.a(lib_a-wsetup.o)
 .debug_frame   0x0000000000001108       0x2c /Users/Kevin/Documents/adamgreen-gcc4mbed-1f1ebc4/gcc-arm-none-eabi/bin/../lib/gcc/arm-none-eabi/4.8.3/../../../../arm-none-eabi/lib/armv6-m/libc_s.a(lib_a-closer.o)
 .debug_frame   0x0000000000001134       0x2c /Users/Kevin/Documents/adamgreen-gcc4mbed-1f1ebc4/gcc-arm-none-eabi/bin/../lib/gcc/arm-none-eabi/4.8.3/../../../../arm-none-eabi/lib/armv6-m/libc_s.a(lib_a-lseekr.o)
 .debug_frame   0x0000000000001160       0x30 /Users/Kevin/Documents/adamgreen-gcc4mbed-1f1ebc4/gcc-arm-none-eabi/bin/../lib/gcc/arm-none-eabi/4.8.3/../../../../arm-none-eabi/lib/armv6-m/libc_s.a(lib_a-makebuf.o)
 .debug_frame   0x0000000000001190       0x20 /Users/Kevin/Documents/adamgreen-gcc4mbed-1f1ebc4/gcc-arm-none-eabi/bin/../lib/gcc/arm-none-eabi/4.8.3/../../../../arm-none-eabi/lib/armv6-m/libc_s.a(lib_a-memchr-stub.o)
 .debug_frame   0x00000000000011b0       0x2c /Users/Kevin/Documents/adamgreen-gcc4mbed-1f1ebc4/gcc-arm-none-eabi/bin/../lib/gcc/arm-none-eabi/4.8.3/../../../../arm-none-eabi/lib/armv6-m/libc_s.a(lib_a-readr.o)
 .debug_frame   0x00000000000011dc       0x2c /Users/Kevin/Documents/adamgreen-gcc4mbed-1f1ebc4/gcc-arm-none-eabi/bin/../lib/gcc/arm-none-eabi/4.8.3/../../../../arm-none-eabi/lib/armv6-m/libc_s.a(lib_a-fstatr.o)
 .debug_frame   0x0000000000001208       0x2c /Users/Kevin/Documents/adamgreen-gcc4mbed-1f1ebc4/gcc-arm-none-eabi/bin/../lib/gcc/arm-none-eabi/4.8.3/../../../../arm-none-eabi/lib/armv6-m/libc_s.a(lib_a-isattyr.o)

Cross Reference Table

Symbol                                            File
ADC0_IRQHandler                                   /Users/Kevin/Documents/adamgreen-gcc4mbed-1f1ebc4/external/mbed/Release/Freescale_KL25Z/mbed.a(startup_MKL25Z4.o)
CMP0_IRQHandler                                   /Users/Kevin/Documents/adamgreen-gcc4mbed-1f1ebc4/external/mbed/Release/Freescale_KL25Z/mbed.a(startup_MKL25Z4.o)
DAC0_IRQHandler                                   /Users/Kevin/Documents/adamgreen-gcc4mbed-1f1ebc4/external/mbed/Release/Freescale_KL25Z/mbed.a(startup_MKL25Z4.o)
DEF_IRQHandler                                    /Users/Kevin/Documents/adamgreen-gcc4mbed-1f1ebc4/external/mbed/Release/Freescale_KL25Z/mbed.a(startup_MKL25Z4.o)
DMA0_IRQHandler                                   /Users/Kevin/Documents/adamgreen-gcc4mbed-1f1ebc4/external/mbed/Release/Freescale_KL25Z/mbed.a(startup_MKL25Z4.o)
DMA1_IRQHandler                                   /Users/Kevin/Documents/adamgreen-gcc4mbed-1f1ebc4/external/mbed/Release/Freescale_KL25Z/mbed.a(startup_MKL25Z4.o)
DMA2_IRQHandler                                   /Users/Kevin/Documents/adamgreen-gcc4mbed-1f1ebc4/external/mbed/Release/Freescale_KL25Z/mbed.a(startup_MKL25Z4.o)
DMA3_IRQHandler                                   /Users/Kevin/Documents/adamgreen-gcc4mbed-1f1ebc4/external/mbed/Release/Freescale_KL25Z/mbed.a(startup_MKL25Z4.o)
Default_Handler                                   /Users/Kevin/Documents/adamgreen-gcc4mbed-1f1ebc4/external/mbed/Release/Freescale_KL25Z/mbed.a(startup_MKL25Z4.o)
Endpoint::Endpoint()                              KL25Z/Socket/Endpoint.o
Endpoint::Endpoint()                              KL25Z/Socket/Endpoint.o
                                                  KL25Z/Socket/TCPSocketConnection.o
Endpoint::get_address()                           KL25Z/Socket/Endpoint.o
Endpoint::get_port()                              KL25Z/Socket/Endpoint.o
Endpoint::reset_address()                         KL25Z/Socket/Endpoint.o
                                                  KL25Z/Socket/UDPSocket.o
                                                  KL25Z/Socket/TCPSocketServer.o
Endpoint::set_address(char const*, int)           KL25Z/Socket/Endpoint.o
                                                  KL25Z/Socket/TCPSocketConnection.o
Endpoint::~Endpoint()                             KL25Z/Socket/Endpoint.o
Endpoint::~Endpoint()                             KL25Z/Socket/Endpoint.o
FTFA_IRQHandler                                   /Users/Kevin/Documents/adamgreen-gcc4mbed-1f1ebc4/external/mbed/Release/Freescale_KL25Z/mbed.a(startup_MKL25Z4.o)
HardFault_Handler                                 /Users/Kevin/Documents/adamgreen-gcc4mbed-1f1ebc4/external/mbed/Release/Freescale_KL25Z/mbed.a(startup_MKL25Z4.o)
I2C0_IRQHandler                                   /Users/Kevin/Documents/adamgreen-gcc4mbed-1f1ebc4/external/mbed/Release/Freescale_KL25Z/mbed.a(startup_MKL25Z4.o)
I2C1_IRQHandler                                   /Users/Kevin/Documents/adamgreen-gcc4mbed-1f1ebc4/external/mbed/Release/Freescale_KL25Z/mbed.a(startup_MKL25Z4.o)
LLW_IRQHandler                                    /Users/Kevin/Documents/adamgreen-gcc4mbed-1f1ebc4/external/mbed/Release/Freescale_KL25Z/mbed.a(startup_MKL25Z4.o)
LPTimer_IRQHandler                                /Users/Kevin/Documents/adamgreen-gcc4mbed-1f1ebc4/external/mbed/Release/Freescale_KL25Z/mbed.a(startup_MKL25Z4.o)
LVD_LVW_IRQHandler                                /Users/Kevin/Documents/adamgreen-gcc4mbed-1f1ebc4/external/mbed/Release/Freescale_KL25Z/mbed.a(startup_MKL25Z4.o)
MCG_IRQHandler                                    /Users/Kevin/Documents/adamgreen-gcc4mbed-1f1ebc4/external/mbed/Release/Freescale_KL25Z/mbed.a(startup_MKL25Z4.o)
NMI_Handler                                       /Users/Kevin/Documents/adamgreen-gcc4mbed-1f1ebc4/external/mbed/Release/Freescale_KL25Z/mbed.a(startup_MKL25Z4.o)
NVIC_GetVector                                    /Users/Kevin/Documents/adamgreen-gcc4mbed-1f1ebc4/external/mbed/Release/Freescale_KL25Z/mbed.a(cmsis_nvic.o)
NVIC_SetVector                                    /Users/Kevin/Documents/adamgreen-gcc4mbed-1f1ebc4/external/mbed/Release/Freescale_KL25Z/mbed.a(cmsis_nvic.o)
                                                  /Users/Kevin/Documents/adamgreen-gcc4mbed-1f1ebc4/external/mbed/Release/Freescale_KL25Z/mbed.a(us_ticker.o)
                                                  /Users/Kevin/Documents/adamgreen-gcc4mbed-1f1ebc4/external/mbed/Release/Freescale_KL25Z/mbed.a(serial_api.o)
                                                  /Users/Kevin/Documents/adamgreen-gcc4mbed-1f1ebc4/external/mbed/Release/Freescale_KL25Z/mbed.a(gpio_irq_api.o)
PIT_IRQHandler                                    /Users/Kevin/Documents/adamgreen-gcc4mbed-1f1ebc4/external/mbed/Release/Freescale_KL25Z/mbed.a(startup_MKL25Z4.o)
PORTA_IRQHandler                                  /Users/Kevin/Documents/adamgreen-gcc4mbed-1f1ebc4/external/mbed/Release/Freescale_KL25Z/mbed.a(startup_MKL25Z4.o)
PORTD_IRQHandler                                  /Users/Kevin/Documents/adamgreen-gcc4mbed-1f1ebc4/external/mbed/Release/Freescale_KL25Z/mbed.a(startup_MKL25Z4.o)
PendSV_Handler                                    /Users/Kevin/Documents/adamgreen-gcc4mbed-1f1ebc4/external/mbed/Release/Freescale_KL25Z/mbed.a(startup_MKL25Z4.o)
PinMap_ADC                                        /Users/Kevin/Documents/adamgreen-gcc4mbed-1f1ebc4/external/mbed/Release/Freescale_KL25Z/mbed.a(PeripheralPins.o)
PinMap_DAC                                        /Users/Kevin/Documents/adamgreen-gcc4mbed-1f1ebc4/external/mbed/Release/Freescale_KL25Z/mbed.a(PeripheralPins.o)
PinMap_I2C_SCL                                    /Users/Kevin/Documents/adamgreen-gcc4mbed-1f1ebc4/external/mbed/Release/Freescale_KL25Z/mbed.a(PeripheralPins.o)
PinMap_I2C_SDA                                    /Users/Kevin/Documents/adamgreen-gcc4mbed-1f1ebc4/external/mbed/Release/Freescale_KL25Z/mbed.a(PeripheralPins.o)
PinMap_PWM                                        /Users/Kevin/Documents/adamgreen-gcc4mbed-1f1ebc4/external/mbed/Release/Freescale_KL25Z/mbed.a(PeripheralPins.o)
PinMap_RTC                                        /Users/Kevin/Documents/adamgreen-gcc4mbed-1f1ebc4/external/mbed/Release/Freescale_KL25Z/mbed.a(PeripheralPins.o)
PinMap_SPI_MISO                                   /Users/Kevin/Documents/adamgreen-gcc4mbed-1f1ebc4/external/mbed/Release/Freescale_KL25Z/mbed.a(PeripheralPins.o)
                                                  /Users/Kevin/Documents/adamgreen-gcc4mbed-1f1ebc4/external/mbed/Release/Freescale_KL25Z/mbed.a(spi_api.o)
PinMap_SPI_MOSI                                   /Users/Kevin/Documents/adamgreen-gcc4mbed-1f1ebc4/external/mbed/Release/Freescale_KL25Z/mbed.a(PeripheralPins.o)
                                                  /Users/Kevin/Documents/adamgreen-gcc4mbed-1f1ebc4/external/mbed/Release/Freescale_KL25Z/mbed.a(spi_api.o)
PinMap_SPI_SCLK                                   /Users/Kevin/Documents/adamgreen-gcc4mbed-1f1ebc4/external/mbed/Release/Freescale_KL25Z/mbed.a(PeripheralPins.o)
                                                  /Users/Kevin/Documents/adamgreen-gcc4mbed-1f1ebc4/external/mbed/Release/Freescale_KL25Z/mbed.a(spi_api.o)
PinMap_SPI_SSEL                                   /Users/Kevin/Documents/adamgreen-gcc4mbed-1f1ebc4/external/mbed/Release/Freescale_KL25Z/mbed.a(PeripheralPins.o)